Archive member included to satisfy reference by file (symbol)

.\CortexM3\ARM_GCC_541\Debug\Timing_Analysis.a(CyLib.o)
                              .\CortexM3\ARM_GCC_541\Debug\Cm3Start.o (CyHalt)
.\CortexM3\ARM_GCC_541\Debug\Timing_Analysis.a(cyPm.o)
                              .\CortexM3\ARM_GCC_541\Debug\Timing_Analysis.a(CyLib.o) (CyPmReadStatus)
.\CortexM3\ARM_GCC_541\Debug\Timing_Analysis.a(UART_LOG.o)
                              .\CortexM3\ARM_GCC_541\Debug\main.o (UART_LOG_Start)
.\CortexM3\ARM_GCC_541\Debug\Timing_Analysis.a(UART_LOG_IntClock.o)
                              .\CortexM3\ARM_GCC_541\Debug\Timing_Analysis.a(UART_LOG.o) (UART_LOG_IntClock_Start)
.\CortexM3\ARM_GCC_541\Debug\Timing_Analysis.a(Pin_LEDRED.o)
                              .\CortexM3\ARM_GCC_541\Debug\Analyzer.o (Pin_LEDRED_Write)
.\CortexM3\ARM_GCC_541\Debug\Timing_Analysis.a(Pin_LEDGREEN.o)
                              .\CortexM3\ARM_GCC_541\Debug\Analyzer.o (Pin_LEDGREEN_Write)
.\CortexM3\ARM_GCC_541\Debug\Timing_Analysis.a(Pin_LEDYELLOW.o)
                              .\CortexM3\ARM_GCC_541\Debug\Analyzer.o (Pin_LEDYELLOW_Write)
.\CortexM3\ARM_GCC_541\Debug\Timing_Analysis.a(CyBootAsmGnu.o)
                              .\CortexM3\ARM_GCC_541\Debug\cyfitter_cfg.o (CyDelayCycles)
.\CortexM3\ARM_GCC_541\Debug\Timing_Analysis.a(CyFlash.o)
                              .\CortexM3\ARM_GCC_541\Debug\Timing_Analysis.a(cyPm.o) (CyFlash_SetWaitCycles)
.\CortexM3\ARM_GCC_541\Debug\Timing_Analysis.a(CySpc.o)
                              .\CortexM3\ARM_GCC_541\Debug\Timing_Analysis.a(CyFlash.o) (CySpcStart)
c:/program files (x86)/cypress/psoc creator/4.4/psoc creator/import/gnu/arm/5.4.1/bin/../lib/gcc/arm-none-eabi/5.4.1/../../../../arm-none-eabi/lib/armv7-m\libg.a(lib_a-errno.o)
                              .\CortexM3\ARM_GCC_541\Debug\Cm3Start.o (__errno)
c:/program files (x86)/cypress/psoc creator/4.4/psoc creator/import/gnu/arm/5.4.1/bin/../lib/gcc/arm-none-eabi/5.4.1/../../../../arm-none-eabi/lib/armv7-m\libg.a(lib_a-exit.o)
                              c:/program files (x86)/cypress/psoc creator/4.4/psoc creator/import/gnu/arm/5.4.1/bin/../lib/gcc/arm-none-eabi/5.4.1/../../../../arm-none-eabi/lib/armv7-m/crt0.o (exit)
c:/program files (x86)/cypress/psoc creator/4.4/psoc creator/import/gnu/arm/5.4.1/bin/../lib/gcc/arm-none-eabi/5.4.1/../../../../arm-none-eabi/lib/armv7-m\libg.a(lib_a-impure.o)
                              c:/program files (x86)/cypress/psoc creator/4.4/psoc creator/import/gnu/arm/5.4.1/bin/../lib/gcc/arm-none-eabi/5.4.1/../../../../arm-none-eabi/lib/armv7-m\libg.a(lib_a-exit.o) (_global_impure_ptr)
c:/program files (x86)/cypress/psoc creator/4.4/psoc creator/import/gnu/arm/5.4.1/bin/../lib/gcc/arm-none-eabi/5.4.1/../../../../arm-none-eabi/lib/armv7-m\libg.a(lib_a-init.o)
                              c:/program files (x86)/cypress/psoc creator/4.4/psoc creator/import/gnu/arm/5.4.1/bin/../lib/gcc/arm-none-eabi/5.4.1/../../../../arm-none-eabi/lib/armv7-m/crt0.o (__libc_init_array)
c:/program files (x86)/cypress/psoc creator/4.4/psoc creator/import/gnu/arm/5.4.1/bin/../lib/gcc/arm-none-eabi/5.4.1/../../../../arm-none-eabi/lib/armv7-m\libg.a(lib_a-memcpy.o)
                              .\CortexM3\ARM_GCC_541\Debug\cyfitter_cfg.o (memcpy)
c:/program files (x86)/cypress/psoc creator/4.4/psoc creator/import/gnu/arm/5.4.1/bin/../lib/gcc/arm-none-eabi/5.4.1/../../../../arm-none-eabi/lib/armv7-m\libg.a(lib_a-memset.o)
                              c:/program files (x86)/cypress/psoc creator/4.4/psoc creator/import/gnu/arm/5.4.1/bin/../lib/gcc/arm-none-eabi/5.4.1/../../../../arm-none-eabi/lib/armv7-m/crt0.o (memset)
c:/program files (x86)/cypress/psoc creator/4.4/psoc creator/import/gnu/arm/5.4.1/bin/../lib/gcc/arm-none-eabi/5.4.1/../../../../arm-none-eabi/lib/armv7-m\libg.a(lib_a-strncpy.o)
                              .\CortexM3\ARM_GCC_541\Debug\Analyzer.o (strncpy)
c:/program files (x86)/cypress/psoc creator/4.4/psoc creator/import/gnu/arm/5.4.1/bin/../lib/gcc/arm-none-eabi/5.4.1/../../../../arm-none-eabi/lib/armv7-m\libg.a(lib_a-utoa.o)
                              .\CortexM3\ARM_GCC_541\Debug\Analyzer.o (utoa)
c:/program files (x86)/cypress/psoc creator/4.4/psoc creator/import/gnu/arm/5.4.1/bin/../lib/gcc/arm-none-eabi/5.4.1/../../../../arm-none-eabi/lib/armv7-m\libg.a(lib_a-__call_atexit.o)
                              c:/program files (x86)/cypress/psoc creator/4.4/psoc creator/import/gnu/arm/5.4.1/bin/../lib/gcc/arm-none-eabi/5.4.1/../../../../arm-none-eabi/lib/armv7-m\libg.a(lib_a-exit.o) (__call_exitprocs)
c:/program files (x86)/cypress/psoc creator/4.4/psoc creator/import/gnu/arm/5.4.1/bin/../lib/gcc/arm-none-eabi/5.4.1/../../../../arm-none-eabi/lib/armv7-m\libg.a(lib_a-atexit.o)
                              c:/program files (x86)/cypress/psoc creator/4.4/psoc creator/import/gnu/arm/5.4.1/bin/../lib/gcc/arm-none-eabi/5.4.1/../../../../arm-none-eabi/lib/armv7-m\libg.a(lib_a-__call_atexit.o) (atexit)
c:/program files (x86)/cypress/psoc creator/4.4/psoc creator/import/gnu/arm/5.4.1/bin/../lib/gcc/arm-none-eabi/5.4.1/../../../../arm-none-eabi/lib/armv7-m\libg.a(lib_a-fini.o)
                              c:/program files (x86)/cypress/psoc creator/4.4/psoc creator/import/gnu/arm/5.4.1/bin/../lib/gcc/arm-none-eabi/5.4.1/../../../../arm-none-eabi/lib/armv7-m\libg.a(lib_a-__call_atexit.o) (__libc_fini_array)
c:/program files (x86)/cypress/psoc creator/4.4/psoc creator/import/gnu/arm/5.4.1/bin/../lib/gcc/arm-none-eabi/5.4.1/../../../../arm-none-eabi/lib/armv7-m\libg.a(lib_a-__atexit.o)
                              c:/program files (x86)/cypress/psoc creator/4.4/psoc creator/import/gnu/arm/5.4.1/bin/../lib/gcc/arm-none-eabi/5.4.1/../../../../arm-none-eabi/lib/armv7-m\libg.a(lib_a-atexit.o) (__register_exitproc)

Allocating common symbols
Common symbol       size              file

TimingAnalyzer      0x30              .\CortexM3\ARM_GCC_541\Debug\main.o
TimingAnalyzer1     0x30              .\CortexM3\ARM_GCC_541\Debug\main.o
dieTemperature      0x2               .\CortexM3\ARM_GCC_541\Debug\Timing_Analysis.a(CyFlash.o)

Discarded input sections

 .text          0x00000000        0x0 c:/program files (x86)/cypress/psoc creator/4.4/psoc creator/import/gnu/arm/5.4.1/bin/../lib/gcc/arm-none-eabi/5.4.1/armv7-m/crti.o
 .data          0x00000000        0x0 c:/program files (x86)/cypress/psoc creator/4.4/psoc creator/import/gnu/arm/5.4.1/bin/../lib/gcc/arm-none-eabi/5.4.1/armv7-m/crti.o
 .bss           0x00000000        0x0 c:/program files (x86)/cypress/psoc creator/4.4/psoc creator/import/gnu/arm/5.4.1/bin/../lib/gcc/arm-none-eabi/5.4.1/armv7-m/crti.o
 .data          0x00000000        0x4 c:/program files (x86)/cypress/psoc creator/4.4/psoc creator/import/gnu/arm/5.4.1/bin/../lib/gcc/arm-none-eabi/5.4.1/armv7-m/crtbegin.o
 .text          0x00000000       0x74 c:/program files (x86)/cypress/psoc creator/4.4/psoc creator/import/gnu/arm/5.4.1/bin/../lib/gcc/arm-none-eabi/5.4.1/../../../../arm-none-eabi/lib/armv7-m/crt0.o
 .data          0x00000000        0x0 c:/program files (x86)/cypress/psoc creator/4.4/psoc creator/import/gnu/arm/5.4.1/bin/../lib/gcc/arm-none-eabi/5.4.1/../../../../arm-none-eabi/lib/armv7-m/crt0.o
 .bss           0x00000000        0x0 c:/program files (x86)/cypress/psoc creator/4.4/psoc creator/import/gnu/arm/5.4.1/bin/../lib/gcc/arm-none-eabi/5.4.1/../../../../arm-none-eabi/lib/armv7-m/crt0.o
 .ARM.extab     0x00000000        0x0 c:/program files (x86)/cypress/psoc creator/4.4/psoc creator/import/gnu/arm/5.4.1/bin/../lib/gcc/arm-none-eabi/5.4.1/../../../../arm-none-eabi/lib/armv7-m/crt0.o
 .ARM.exidx     0x00000000        0x8 c:/program files (x86)/cypress/psoc creator/4.4/psoc creator/import/gnu/arm/5.4.1/bin/../lib/gcc/arm-none-eabi/5.4.1/../../../../arm-none-eabi/lib/armv7-m/crt0.o
 .text          0x00000000        0x0 .\CortexM3\ARM_GCC_541\Debug\main.o
 .data          0x00000000        0x0 .\CortexM3\ARM_GCC_541\Debug\main.o
 .bss           0x00000000        0x0 .\CortexM3\ARM_GCC_541\Debug\main.o
 .text          0x00000000        0x0 .\CortexM3\ARM_GCC_541\Debug\Analyzer.o
 .data          0x00000000        0x0 .\CortexM3\ARM_GCC_541\Debug\Analyzer.o
 .text.Analyzer_Pause
                0x00000000       0x70 .\CortexM3\ARM_GCC_541\Debug\Analyzer.o
 .text.Analyzer_Resume
                0x00000000       0x74 .\CortexM3\ARM_GCC_541\Debug\Analyzer.o
 .text.test_cycle_counter
                0x00000000       0x48 .\CortexM3\ARM_GCC_541\Debug\Analyzer.o
 .text          0x00000000        0x0 .\CortexM3\ARM_GCC_541\Debug\cyfitter_cfg.o
 .data          0x00000000        0x0 .\CortexM3\ARM_GCC_541\Debug\cyfitter_cfg.o
 .bss           0x00000000        0x0 .\CortexM3\ARM_GCC_541\Debug\cyfitter_cfg.o
 .text.SetAnalogRoutingPumps
                0x00000000       0x10 .\CortexM3\ARM_GCC_541\Debug\cyfitter_cfg.o
 .text          0x00000000        0x0 .\CortexM3\ARM_GCC_541\Debug\cymetadata.o
 .data          0x00000000        0x0 .\CortexM3\ARM_GCC_541\Debug\cymetadata.o
 .bss           0x00000000        0x0 .\CortexM3\ARM_GCC_541\Debug\cymetadata.o
 .text          0x00000000        0x0 .\CortexM3\ARM_GCC_541\Debug\Cm3Start.o
 .data          0x00000000        0x4 .\CortexM3\ARM_GCC_541\Debug\Cm3Start.o
 .bss           0x00000000        0x0 .\CortexM3\ARM_GCC_541\Debug\Cm3Start.o
 .text._exit    0x00000000        0xc .\CortexM3\ARM_GCC_541\Debug\Cm3Start.o
 .text._sbrk    0x00000000       0x30 .\CortexM3\ARM_GCC_541\Debug\Cm3Start.o
 .text          0x00000000        0x0 .\CortexM3\ARM_GCC_541\Debug\Timing_Analysis.a(CyLib.o)
 .text.CyUSB_PowerOnCheck
                0x00000000       0x48 .\CortexM3\ARM_GCC_541\Debug\Timing_Analysis.a(CyLib.o)
 .text.CyBusClk_Internal_SetDivider
                0x00000000       0x48 .\CortexM3\ARM_GCC_541\Debug\Timing_Analysis.a(CyLib.o)
 .text.CyPLL_OUT_Stop
                0x00000000       0x10 .\CortexM3\ARM_GCC_541\Debug\Timing_Analysis.a(CyLib.o)
 .text.CyIMO_Stop
                0x00000000       0x1c .\CortexM3\ARM_GCC_541\Debug\Timing_Analysis.a(CyLib.o)
 .text.CyIMO_EnableDoubler
                0x00000000       0x10 .\CortexM3\ARM_GCC_541\Debug\Timing_Analysis.a(CyLib.o)
 .text.CyIMO_DisableDoubler
                0x00000000       0x10 .\CortexM3\ARM_GCC_541\Debug\Timing_Analysis.a(CyLib.o)
 .text.CyMasterClk_SetSource
                0x00000000       0x18 .\CortexM3\ARM_GCC_541\Debug\Timing_Analysis.a(CyLib.o)
 .text.CyMasterClk_SetDivider
                0x00000000        0xc .\CortexM3\ARM_GCC_541\Debug\Timing_Analysis.a(CyLib.o)
 .text.CyBusClk_SetDivider
                0x00000000       0x70 .\CortexM3\ARM_GCC_541\Debug\Timing_Analysis.a(CyLib.o)
 .text.CyUsbClk_SetSource
                0x00000000       0x18 .\CortexM3\ARM_GCC_541\Debug\Timing_Analysis.a(CyLib.o)
 .text.CyILO_Start1K
                0x00000000       0x10 .\CortexM3\ARM_GCC_541\Debug\Timing_Analysis.a(CyLib.o)
 .text.CyILO_Stop1K
                0x00000000       0x10 .\CortexM3\ARM_GCC_541\Debug\Timing_Analysis.a(CyLib.o)
 .text.CyILO_Start100K
                0x00000000       0x10 .\CortexM3\ARM_GCC_541\Debug\Timing_Analysis.a(CyLib.o)
 .text.CyILO_Stop100K
                0x00000000       0x10 .\CortexM3\ARM_GCC_541\Debug\Timing_Analysis.a(CyLib.o)
 .text.CyPLL_OUT_Start
                0x00000000       0x78 .\CortexM3\ARM_GCC_541\Debug\Timing_Analysis.a(CyLib.o)
 .text.CyIMO_Start
                0x00000000       0x60 .\CortexM3\ARM_GCC_541\Debug\Timing_Analysis.a(CyLib.o)
 .text.CyILO_Enable33K
                0x00000000       0x10 .\CortexM3\ARM_GCC_541\Debug\Timing_Analysis.a(CyLib.o)
 .text.CyILO_Disable33K
                0x00000000       0x10 .\CortexM3\ARM_GCC_541\Debug\Timing_Analysis.a(CyLib.o)
 .text.CyILO_SetSource
                0x00000000       0x18 .\CortexM3\ARM_GCC_541\Debug\Timing_Analysis.a(CyLib.o)
 .text.CyILO_SetPowerMode
                0x00000000       0x24 .\CortexM3\ARM_GCC_541\Debug\Timing_Analysis.a(CyLib.o)
 .text.CyXTAL_32KHZ_Stop
                0x00000000       0x30 .\CortexM3\ARM_GCC_541\Debug\Timing_Analysis.a(CyLib.o)
 .text.CyXTAL_32KHZ_ReadStatus
                0x00000000       0x10 .\CortexM3\ARM_GCC_541\Debug\Timing_Analysis.a(CyLib.o)
 .text.CyXTAL_Start
                0x00000000       0xac .\CortexM3\ARM_GCC_541\Debug\Timing_Analysis.a(CyLib.o)
 .text.CyXTAL_Stop
                0x00000000       0x10 .\CortexM3\ARM_GCC_541\Debug\Timing_Analysis.a(CyLib.o)
 .text.CyXTAL_EnableErrStatus
                0x00000000       0x10 .\CortexM3\ARM_GCC_541\Debug\Timing_Analysis.a(CyLib.o)
 .text.CyXTAL_DisableErrStatus
                0x00000000       0x10 .\CortexM3\ARM_GCC_541\Debug\Timing_Analysis.a(CyLib.o)
 .text.CyXTAL_ReadStatus
                0x00000000       0x18 .\CortexM3\ARM_GCC_541\Debug\Timing_Analysis.a(CyLib.o)
 .text.CyXTAL_EnableFaultRecovery
                0x00000000       0x10 .\CortexM3\ARM_GCC_541\Debug\Timing_Analysis.a(CyLib.o)
 .text.CyXTAL_DisableFaultRecovery
                0x00000000       0x10 .\CortexM3\ARM_GCC_541\Debug\Timing_Analysis.a(CyLib.o)
 .text.CyXTAL_SetStartup
                0x00000000       0x18 .\CortexM3\ARM_GCC_541\Debug\Timing_Analysis.a(CyLib.o)
 .text.CyXTAL_SetFbVoltage
                0x00000000       0x18 .\CortexM3\ARM_GCC_541\Debug\Timing_Analysis.a(CyLib.o)
 .text.CyXTAL_SetWdVoltage
                0x00000000       0x18 .\CortexM3\ARM_GCC_541\Debug\Timing_Analysis.a(CyLib.o)
 .text.CyPLL_OUT_SetPQ
                0x00000000       0x60 .\CortexM3\ARM_GCC_541\Debug\Timing_Analysis.a(CyLib.o)
 .text.CyPLL_OUT_SetSource
                0x00000000       0x34 .\CortexM3\ARM_GCC_541\Debug\Timing_Analysis.a(CyLib.o)
 .text.CyIMO_SetTrimValue
                0x00000000       0xcc .\CortexM3\ARM_GCC_541\Debug\Timing_Analysis.a(CyLib.o)
 .text.CyIMO_SetFreq
                0x00000000       0xf4 .\CortexM3\ARM_GCC_541\Debug\Timing_Analysis.a(CyLib.o)
 .text.CyIMO_SetSource
                0x00000000       0x58 .\CortexM3\ARM_GCC_541\Debug\Timing_Analysis.a(CyLib.o)
 .text.CySoftwareReset
                0x00000000       0x10 .\CortexM3\ARM_GCC_541\Debug\Timing_Analysis.a(CyLib.o)
 .text.CyDelayUs
                0x00000000       0x14 .\CortexM3\ARM_GCC_541\Debug\Timing_Analysis.a(CyLib.o)
 .text.CyXTAL_32KHZ_SetPowerMode
                0x00000000       0x84 .\CortexM3\ARM_GCC_541\Debug\Timing_Analysis.a(CyLib.o)
 .text.CyXTAL_32KHZ_Start
                0x00000000       0x74 .\CortexM3\ARM_GCC_541\Debug\Timing_Analysis.a(CyLib.o)
 .text.CyDelayFreq
                0x00000000       0x4c .\CortexM3\ARM_GCC_541\Debug\Timing_Analysis.a(CyLib.o)
 .text.CyWdtStart
                0x00000000       0x40 .\CortexM3\ARM_GCC_541\Debug\Timing_Analysis.a(CyLib.o)
 .text.CyWdtClear
                0x00000000        0xc .\CortexM3\ARM_GCC_541\Debug\Timing_Analysis.a(CyLib.o)
 .text.CyVdStickyStatus
                0x00000000       0x2c .\CortexM3\ARM_GCC_541\Debug\Timing_Analysis.a(CyLib.o)
 .text.CyVdLvDigitEnable
                0x00000000       0x84 .\CortexM3\ARM_GCC_541\Debug\Timing_Analysis.a(CyLib.o)
 .text.CyVdLvAnalogEnable
                0x00000000       0x80 .\CortexM3\ARM_GCC_541\Debug\Timing_Analysis.a(CyLib.o)
 .text.CyVdLvDigitDisable
                0x00000000       0x30 .\CortexM3\ARM_GCC_541\Debug\Timing_Analysis.a(CyLib.o)
 .text.CyVdLvAnalogDisable
                0x00000000       0x28 .\CortexM3\ARM_GCC_541\Debug\Timing_Analysis.a(CyLib.o)
 .text.CyVdHvAnalogEnable
                0x00000000       0x54 .\CortexM3\ARM_GCC_541\Debug\Timing_Analysis.a(CyLib.o)
 .text.CyVdHvAnalogDisable
                0x00000000       0x20 .\CortexM3\ARM_GCC_541\Debug\Timing_Analysis.a(CyLib.o)
 .text.CyVdRealTimeStatus
                0x00000000       0x1c .\CortexM3\ARM_GCC_541\Debug\Timing_Analysis.a(CyLib.o)
 .text.CyDisableInts
                0x00000000       0x1c .\CortexM3\ARM_GCC_541\Debug\Timing_Analysis.a(CyLib.o)
 .text.CyEnableInts
                0x00000000       0x18 .\CortexM3\ARM_GCC_541\Debug\Timing_Analysis.a(CyLib.o)
 .text.CyFlushCache
                0x00000000       0x44 .\CortexM3\ARM_GCC_541\Debug\Timing_Analysis.a(CyLib.o)
 .text.CyIntGetSysVector
                0x00000000       0x20 .\CortexM3\ARM_GCC_541\Debug\Timing_Analysis.a(CyLib.o)
 .text.CyIntSetVector
                0x00000000       0x28 .\CortexM3\ARM_GCC_541\Debug\Timing_Analysis.a(CyLib.o)
 .text.CyIntGetVector
                0x00000000       0x24 .\CortexM3\ARM_GCC_541\Debug\Timing_Analysis.a(CyLib.o)
 .text.CyIntSetPriority
                0x00000000       0x30 .\CortexM3\ARM_GCC_541\Debug\Timing_Analysis.a(CyLib.o)
 .text.CyIntGetPriority
                0x00000000       0x20 .\CortexM3\ARM_GCC_541\Debug\Timing_Analysis.a(CyLib.o)
 .text.CyIntGetState
                0x00000000       0x24 .\CortexM3\ARM_GCC_541\Debug\Timing_Analysis.a(CyLib.o)
 .text.CySysTickDisableInterrupt
                0x00000000       0x10 .\CortexM3\ARM_GCC_541\Debug\Timing_Analysis.a(CyLib.o)
 .text.CySysTickGetReload
                0x00000000       0x10 .\CortexM3\ARM_GCC_541\Debug\Timing_Analysis.a(CyLib.o)
 .text.CySysTickGetValue
                0x00000000       0x10 .\CortexM3\ARM_GCC_541\Debug\Timing_Analysis.a(CyLib.o)
 .text.CySysTickGetClockSource
                0x00000000       0x10 .\CortexM3\ARM_GCC_541\Debug\Timing_Analysis.a(CyLib.o)
 .text.CySysTickStart
                0x00000000       0x1c .\CortexM3\ARM_GCC_541\Debug\Timing_Analysis.a(CyLib.o)
 .text.CySysTickGetCallback
                0x00000000       0x10 .\CortexM3\ARM_GCC_541\Debug\Timing_Analysis.a(CyLib.o)
 .text.CyGetUniqueId
                0x00000000       0x70 .\CortexM3\ARM_GCC_541\Debug\Timing_Analysis.a(CyLib.o)
 .text          0x00000000        0x0 .\CortexM3\ARM_GCC_541\Debug\Timing_Analysis.a(cyPm.o)
 .data          0x00000000        0x0 .\CortexM3\ARM_GCC_541\Debug\Timing_Analysis.a(cyPm.o)
 .bss           0x00000000       0x43 .\CortexM3\ARM_GCC_541\Debug\Timing_Analysis.a(cyPm.o)
 .text.CyPmHibSlpSaveSet
                0x00000000      0x1dc .\CortexM3\ARM_GCC_541\Debug\Timing_Analysis.a(cyPm.o)
 .text.CyPmHibSlpRestore
                0x00000000       0xd8 .\CortexM3\ARM_GCC_541\Debug\Timing_Analysis.a(cyPm.o)
 .text.CyPmHviLviSaveDisable
                0x00000000       0xa0 .\CortexM3\ARM_GCC_541\Debug\Timing_Analysis.a(cyPm.o)
 .text.CyPmHibSaveSet
                0x00000000       0x98 .\CortexM3\ARM_GCC_541\Debug\Timing_Analysis.a(cyPm.o)
 .text.CyPmHviLviRestore
                0x00000000       0x48 .\CortexM3\ARM_GCC_541\Debug\Timing_Analysis.a(cyPm.o)
 .text.CyPmHibRestore
                0x00000000       0x60 .\CortexM3\ARM_GCC_541\Debug\Timing_Analysis.a(cyPm.o)
 .text.CyPmSaveClocks
                0x00000000      0x218 .\CortexM3\ARM_GCC_541\Debug\Timing_Analysis.a(cyPm.o)
 .text.CyPmRestoreClocks
                0x00000000      0x24c .\CortexM3\ARM_GCC_541\Debug\Timing_Analysis.a(cyPm.o)
 .text.CyPmAltAct
                0x00000000       0x6c .\CortexM3\ARM_GCC_541\Debug\Timing_Analysis.a(cyPm.o)
 .text.CyPmSleep
                0x00000000       0xf4 .\CortexM3\ARM_GCC_541\Debug\Timing_Analysis.a(cyPm.o)
 .text.CyPmHibernateEx
                0x00000000       0xf4 .\CortexM3\ARM_GCC_541\Debug\Timing_Analysis.a(cyPm.o)
 .text.CyPmHibernate
                0x00000000        0xc .\CortexM3\ARM_GCC_541\Debug\Timing_Analysis.a(cyPm.o)
 .text.CyPmReadStatus
                0x00000000       0x30 .\CortexM3\ARM_GCC_541\Debug\Timing_Analysis.a(cyPm.o)
 .text.CyPmCtwSetInterval
                0x00000000       0x5c .\CortexM3\ARM_GCC_541\Debug\Timing_Analysis.a(cyPm.o)
 .text.CyPmOppsSet
                0x00000000       0x2c .\CortexM3\ARM_GCC_541\Debug\Timing_Analysis.a(cyPm.o)
 .text.CyPmFtwSetInterval
                0x00000000       0x5c .\CortexM3\ARM_GCC_541\Debug\Timing_Analysis.a(cyPm.o)
 .rodata        0x00000000        0xf .\CortexM3\ARM_GCC_541\Debug\Timing_Analysis.a(cyPm.o)
 .text          0x00000000        0x0 .\CortexM3\ARM_GCC_541\Debug\Timing_Analysis.a(UART_LOG.o)
 .data          0x00000000        0x0 .\CortexM3\ARM_GCC_541\Debug\Timing_Analysis.a(UART_LOG.o)
 .text.UART_LOG_Stop
                0x00000000       0x3c .\CortexM3\ARM_GCC_541\Debug\Timing_Analysis.a(UART_LOG.o)
 .text.UART_LOG_ReadControlRegister
                0x00000000        0x4 .\CortexM3\ARM_GCC_541\Debug\Timing_Analysis.a(UART_LOG.o)
 .text.UART_LOG_WriteControlRegister
                0x00000000        0x4 .\CortexM3\ARM_GCC_541\Debug\Timing_Analysis.a(UART_LOG.o)
 .text.UART_LOG_SetRxInterruptMode
                0x00000000        0xc .\CortexM3\ARM_GCC_541\Debug\Timing_Analysis.a(UART_LOG.o)
 .text.UART_LOG_ReadRxData
                0x00000000        0xc .\CortexM3\ARM_GCC_541\Debug\Timing_Analysis.a(UART_LOG.o)
 .text.UART_LOG_ReadRxStatus
                0x00000000       0x10 .\CortexM3\ARM_GCC_541\Debug\Timing_Analysis.a(UART_LOG.o)
 .text.UART_LOG_GetChar
                0x00000000       0x2c .\CortexM3\ARM_GCC_541\Debug\Timing_Analysis.a(UART_LOG.o)
 .text.UART_LOG_GetByte
                0x00000000       0x14 .\CortexM3\ARM_GCC_541\Debug\Timing_Analysis.a(UART_LOG.o)
 .text.UART_LOG_GetRxBufferSize
                0x00000000       0x18 .\CortexM3\ARM_GCC_541\Debug\Timing_Analysis.a(UART_LOG.o)
 .text.UART_LOG_ClearRxBuffer
                0x00000000       0x24 .\CortexM3\ARM_GCC_541\Debug\Timing_Analysis.a(UART_LOG.o)
 .text.UART_LOG_SetRxAddressMode
                0x00000000        0x4 .\CortexM3\ARM_GCC_541\Debug\Timing_Analysis.a(UART_LOG.o)
 .text.UART_LOG_SetRxAddress1
                0x00000000        0xc .\CortexM3\ARM_GCC_541\Debug\Timing_Analysis.a(UART_LOG.o)
 .text.UART_LOG_SetRxAddress2
                0x00000000        0xc .\CortexM3\ARM_GCC_541\Debug\Timing_Analysis.a(UART_LOG.o)
 .text.UART_LOG_SetTxInterruptMode
                0x00000000        0xc .\CortexM3\ARM_GCC_541\Debug\Timing_Analysis.a(UART_LOG.o)
 .text.UART_LOG_WriteTxData
                0x00000000       0x14 .\CortexM3\ARM_GCC_541\Debug\Timing_Analysis.a(UART_LOG.o)
 .text.UART_LOG_ReadTxStatus
                0x00000000        0xc .\CortexM3\ARM_GCC_541\Debug\Timing_Analysis.a(UART_LOG.o)
 .text.UART_LOG_PutArray
                0x00000000       0x28 .\CortexM3\ARM_GCC_541\Debug\Timing_Analysis.a(UART_LOG.o)
 .text.UART_LOG_PutCRLF
                0x00000000       0x20 .\CortexM3\ARM_GCC_541\Debug\Timing_Analysis.a(UART_LOG.o)
 .text.UART_LOG_GetTxBufferSize
                0x00000000       0x24 .\CortexM3\ARM_GCC_541\Debug\Timing_Analysis.a(UART_LOG.o)
 .text.UART_LOG_ClearTxBuffer
                0x00000000       0x24 .\CortexM3\ARM_GCC_541\Debug\Timing_Analysis.a(UART_LOG.o)
 .text.UART_LOG_SendBreak
                0x00000000       0x58 .\CortexM3\ARM_GCC_541\Debug\Timing_Analysis.a(UART_LOG.o)
 .text.UART_LOG_SetTxAddressMode
                0x00000000        0x4 .\CortexM3\ARM_GCC_541\Debug\Timing_Analysis.a(UART_LOG.o)
 .text          0x00000000        0x0 .\CortexM3\ARM_GCC_541\Debug\Timing_Analysis.a(UART_LOG_IntClock.o)
 .data          0x00000000        0x0 .\CortexM3\ARM_GCC_541\Debug\Timing_Analysis.a(UART_LOG_IntClock.o)
 .bss           0x00000000        0x0 .\CortexM3\ARM_GCC_541\Debug\Timing_Analysis.a(UART_LOG_IntClock.o)
 .text.UART_LOG_IntClock_Stop
                0x00000000       0x1c .\CortexM3\ARM_GCC_541\Debug\Timing_Analysis.a(UART_LOG_IntClock.o)
 .text.UART_LOG_IntClock_StopBlock
                0x00000000       0x6c .\CortexM3\ARM_GCC_541\Debug\Timing_Analysis.a(UART_LOG_IntClock.o)
 .text.UART_LOG_IntClock_StandbyPower
                0x00000000       0x20 .\CortexM3\ARM_GCC_541\Debug\Timing_Analysis.a(UART_LOG_IntClock.o)
 .text.UART_LOG_IntClock_GetDividerRegister
                0x00000000        0xc .\CortexM3\ARM_GCC_541\Debug\Timing_Analysis.a(UART_LOG_IntClock.o)
 .text.UART_LOG_IntClock_SetModeRegister
                0x00000000       0x14 .\CortexM3\ARM_GCC_541\Debug\Timing_Analysis.a(UART_LOG_IntClock.o)
 .text.UART_LOG_IntClock_ClearModeRegister
                0x00000000       0x18 .\CortexM3\ARM_GCC_541\Debug\Timing_Analysis.a(UART_LOG_IntClock.o)
 .text.UART_LOG_IntClock_GetModeRegister
                0x00000000       0x10 .\CortexM3\ARM_GCC_541\Debug\Timing_Analysis.a(UART_LOG_IntClock.o)
 .text.UART_LOG_IntClock_GetSourceRegister
                0x00000000       0x10 .\CortexM3\ARM_GCC_541\Debug\Timing_Analysis.a(UART_LOG_IntClock.o)
 .text.UART_LOG_IntClock_SetDividerRegister
                0x00000000       0xdc .\CortexM3\ARM_GCC_541\Debug\Timing_Analysis.a(UART_LOG_IntClock.o)
 .text.UART_LOG_IntClock_SetSourceRegister
                0x00000000       0x5c .\CortexM3\ARM_GCC_541\Debug\Timing_Analysis.a(UART_LOG_IntClock.o)
 .text          0x00000000        0x0 .\CortexM3\ARM_GCC_541\Debug\Timing_Analysis.a(Pin_LEDRED.o)
 .data          0x00000000        0x0 .\CortexM3\ARM_GCC_541\Debug\Timing_Analysis.a(Pin_LEDRED.o)
 .bss           0x00000000        0x0 .\CortexM3\ARM_GCC_541\Debug\Timing_Analysis.a(Pin_LEDRED.o)
 .text.Pin_LEDRED_SetDriveMode
                0x00000000       0x18 .\CortexM3\ARM_GCC_541\Debug\Timing_Analysis.a(Pin_LEDRED.o)
 .text.Pin_LEDRED_Read
                0x00000000       0x10 .\CortexM3\ARM_GCC_541\Debug\Timing_Analysis.a(Pin_LEDRED.o)
 .text.Pin_LEDRED_ReadDataReg
                0x00000000       0x10 .\CortexM3\ARM_GCC_541\Debug\Timing_Analysis.a(Pin_LEDRED.o)
 .text          0x00000000        0x0 .\CortexM3\ARM_GCC_541\Debug\Timing_Analysis.a(Pin_LEDGREEN.o)
 .data          0x00000000        0x0 .\CortexM3\ARM_GCC_541\Debug\Timing_Analysis.a(Pin_LEDGREEN.o)
 .bss           0x00000000        0x0 .\CortexM3\ARM_GCC_541\Debug\Timing_Analysis.a(Pin_LEDGREEN.o)
 .text.Pin_LEDGREEN_SetDriveMode
                0x00000000       0x18 .\CortexM3\ARM_GCC_541\Debug\Timing_Analysis.a(Pin_LEDGREEN.o)
 .text.Pin_LEDGREEN_Read
                0x00000000        0xc .\CortexM3\ARM_GCC_541\Debug\Timing_Analysis.a(Pin_LEDGREEN.o)
 .text.Pin_LEDGREEN_ReadDataReg
                0x00000000        0xc .\CortexM3\ARM_GCC_541\Debug\Timing_Analysis.a(Pin_LEDGREEN.o)
 .text          0x00000000        0x0 .\CortexM3\ARM_GCC_541\Debug\Timing_Analysis.a(Pin_LEDYELLOW.o)
 .data          0x00000000        0x0 .\CortexM3\ARM_GCC_541\Debug\Timing_Analysis.a(Pin_LEDYELLOW.o)
 .bss           0x00000000        0x0 .\CortexM3\ARM_GCC_541\Debug\Timing_Analysis.a(Pin_LEDYELLOW.o)
 .text.Pin_LEDYELLOW_SetDriveMode
                0x00000000       0x18 .\CortexM3\ARM_GCC_541\Debug\Timing_Analysis.a(Pin_LEDYELLOW.o)
 .text.Pin_LEDYELLOW_Read
                0x00000000       0x10 .\CortexM3\ARM_GCC_541\Debug\Timing_Analysis.a(Pin_LEDYELLOW.o)
 .text.Pin_LEDYELLOW_ReadDataReg
                0x00000000       0x10 .\CortexM3\ARM_GCC_541\Debug\Timing_Analysis.a(Pin_LEDYELLOW.o)
 .data          0x00000000        0x0 .\CortexM3\ARM_GCC_541\Debug\Timing_Analysis.a(CyBootAsmGnu.o)
 .bss           0x00000000        0x0 .\CortexM3\ARM_GCC_541\Debug\Timing_Analysis.a(CyBootAsmGnu.o)
 .text          0x00000000        0x0 .\CortexM3\ARM_GCC_541\Debug\Timing_Analysis.a(CyFlash.o)
 .data          0x00000000        0x0 .\CortexM3\ARM_GCC_541\Debug\Timing_Analysis.a(CyFlash.o)
 .bss           0x00000000        0x0 .\CortexM3\ARM_GCC_541\Debug\Timing_Analysis.a(CyFlash.o)
 .text.CySetTempInt
                0x00000000       0x60 .\CortexM3\ARM_GCC_541\Debug\Timing_Analysis.a(CyFlash.o)
 .text.CyFlash_Start
                0x00000000       0x54 .\CortexM3\ARM_GCC_541\Debug\Timing_Analysis.a(CyFlash.o)
 .text.CyFlash_Stop
                0x00000000       0x24 .\CortexM3\ARM_GCC_541\Debug\Timing_Analysis.a(CyFlash.o)
 .text.CyFlash_EraseRow
                0x00000000       0x78 .\CortexM3\ARM_GCC_541\Debug\Timing_Analysis.a(CyFlash.o)
 .text.CyFlashGetSpcAlgorithm
                0x00000000       0x4c .\CortexM3\ARM_GCC_541\Debug\Timing_Analysis.a(CyFlash.o)
 .text.CySetTemp
                0x00000000       0x14 .\CortexM3\ARM_GCC_541\Debug\Timing_Analysis.a(CyFlash.o)
 .text.CySetFlashEEBuffer
                0x00000000       0x20 .\CortexM3\ARM_GCC_541\Debug\Timing_Analysis.a(CyFlash.o)
 .text.CyWriteRowFull
                0x00000000       0xf8 .\CortexM3\ARM_GCC_541\Debug\Timing_Analysis.a(CyFlash.o)
 .text.CyWriteRowData
                0x00000000       0x14 .\CortexM3\ARM_GCC_541\Debug\Timing_Analysis.a(CyFlash.o)
 .text.CyFlash_SetWaitCycles
                0x00000000       0x7c .\CortexM3\ARM_GCC_541\Debug\Timing_Analysis.a(CyFlash.o)
 .text.CyEEPROM_Start
                0x00000000       0x54 .\CortexM3\ARM_GCC_541\Debug\Timing_Analysis.a(CyFlash.o)
 .text.CyEEPROM_Stop
                0x00000000       0x24 .\CortexM3\ARM_GCC_541\Debug\Timing_Analysis.a(CyFlash.o)
 .text.CyEEPROM_ReadReserve
                0x00000000       0x1c .\CortexM3\ARM_GCC_541\Debug\Timing_Analysis.a(CyFlash.o)
 .text.CyEEPROM_ReadRelease
                0x00000000       0x10 .\CortexM3\ARM_GCC_541\Debug\Timing_Analysis.a(CyFlash.o)
 COMMON         0x00000000        0x2 .\CortexM3\ARM_GCC_541\Debug\Timing_Analysis.a(CyFlash.o)
 .text          0x00000000        0x0 .\CortexM3\ARM_GCC_541\Debug\Timing_Analysis.a(CySpc.o)
 .data          0x00000000        0x0 .\CortexM3\ARM_GCC_541\Debug\Timing_Analysis.a(CySpc.o)
 .bss           0x00000000        0x8 .\CortexM3\ARM_GCC_541\Debug\Timing_Analysis.a(CySpc.o)
 .text.CySpcStart
                0x00000000       0x24 .\CortexM3\ARM_GCC_541\Debug\Timing_Analysis.a(CySpc.o)
 .text.CySpcStop
                0x00000000       0x24 .\CortexM3\ARM_GCC_541\Debug\Timing_Analysis.a(CySpc.o)
 .text.CySpcReadData
                0x00000000       0x34 .\CortexM3\ARM_GCC_541\Debug\Timing_Analysis.a(CySpc.o)
 .text.CySpcLoadMultiByte
                0x00000000       0x78 .\CortexM3\ARM_GCC_541\Debug\Timing_Analysis.a(CySpc.o)
 .text.CySpcLoadRow
                0x00000000       0x50 .\CortexM3\ARM_GCC_541\Debug\Timing_Analysis.a(CySpc.o)
 .text.CySpcLoadRowFull
                0x00000000       0x80 .\CortexM3\ARM_GCC_541\Debug\Timing_Analysis.a(CySpc.o)
 .text.CySpcWriteRow
                0x00000000       0x4c .\CortexM3\ARM_GCC_541\Debug\Timing_Analysis.a(CySpc.o)
 .text.CySpcEraseSector
                0x00000000       0x3c .\CortexM3\ARM_GCC_541\Debug\Timing_Analysis.a(CySpc.o)
 .text.CySpcEraseRow
                0x00000000       0x4c .\CortexM3\ARM_GCC_541\Debug\Timing_Analysis.a(CySpc.o)
 .text.CySpcGetTemp
                0x00000000       0x3c .\CortexM3\ARM_GCC_541\Debug\Timing_Analysis.a(CySpc.o)
 .text.CySpcLock
                0x00000000       0x4c .\CortexM3\ARM_GCC_541\Debug\Timing_Analysis.a(CySpc.o)
 .text.CySpcUnlock
                0x00000000       0x38 .\CortexM3\ARM_GCC_541\Debug\Timing_Analysis.a(CySpc.o)
 .text.CySpcGetAlgorithm
                0x00000000       0x28 .\CortexM3\ARM_GCC_541\Debug\Timing_Analysis.a(CySpc.o)
 .text          0x00000000        0x0 c:/program files (x86)/cypress/psoc creator/4.4/psoc creator/import/gnu/arm/5.4.1/bin/../lib/gcc/arm-none-eabi/5.4.1/../../../../arm-none-eabi/lib/armv7-m\libg.a(lib_a-errno.o)
 .data          0x00000000        0x0 c:/program files (x86)/cypress/psoc creator/4.4/psoc creator/import/gnu/arm/5.4.1/bin/../lib/gcc/arm-none-eabi/5.4.1/../../../../arm-none-eabi/lib/armv7-m\libg.a(lib_a-errno.o)
 .bss           0x00000000        0x0 c:/program files (x86)/cypress/psoc creator/4.4/psoc creator/import/gnu/arm/5.4.1/bin/../lib/gcc/arm-none-eabi/5.4.1/../../../../arm-none-eabi/lib/armv7-m\libg.a(lib_a-errno.o)
 .text          0x00000000        0x0 c:/program files (x86)/cypress/psoc creator/4.4/psoc creator/import/gnu/arm/5.4.1/bin/../lib/gcc/arm-none-eabi/5.4.1/../../../../arm-none-eabi/lib/armv7-m\libg.a(lib_a-exit.o)
 .data          0x00000000        0x0 c:/program files (x86)/cypress/psoc creator/4.4/psoc creator/import/gnu/arm/5.4.1/bin/../lib/gcc/arm-none-eabi/5.4.1/../../../../arm-none-eabi/lib/armv7-m\libg.a(lib_a-exit.o)
 .bss           0x00000000        0x0 c:/program files (x86)/cypress/psoc creator/4.4/psoc creator/import/gnu/arm/5.4.1/bin/../lib/gcc/arm-none-eabi/5.4.1/../../../../arm-none-eabi/lib/armv7-m\libg.a(lib_a-exit.o)
 .text.exit     0x00000000       0x20 c:/program files (x86)/cypress/psoc creator/4.4/psoc creator/import/gnu/arm/5.4.1/bin/../lib/gcc/arm-none-eabi/5.4.1/../../../../arm-none-eabi/lib/armv7-m\libg.a(lib_a-exit.o)
 .text          0x00000000        0x0 c:/program files (x86)/cypress/psoc creator/4.4/psoc creator/import/gnu/arm/5.4.1/bin/../lib/gcc/arm-none-eabi/5.4.1/../../../../arm-none-eabi/lib/armv7-m\libg.a(lib_a-impure.o)
 .data          0x00000000        0x0 c:/program files (x86)/cypress/psoc creator/4.4/psoc creator/import/gnu/arm/5.4.1/bin/../lib/gcc/arm-none-eabi/5.4.1/../../../../arm-none-eabi/lib/armv7-m\libg.a(lib_a-impure.o)
 .bss           0x00000000        0x0 c:/program files (x86)/cypress/psoc creator/4.4/psoc creator/import/gnu/arm/5.4.1/bin/../lib/gcc/arm-none-eabi/5.4.1/../../../../arm-none-eabi/lib/armv7-m\libg.a(lib_a-impure.o)
 .text          0x00000000        0x0 c:/program files (x86)/cypress/psoc creator/4.4/psoc creator/import/gnu/arm/5.4.1/bin/../lib/gcc/arm-none-eabi/5.4.1/../../../../arm-none-eabi/lib/armv7-m\libg.a(lib_a-init.o)
 .data          0x00000000        0x0 c:/program files (x86)/cypress/psoc creator/4.4/psoc creator/import/gnu/arm/5.4.1/bin/../lib/gcc/arm-none-eabi/5.4.1/../../../../arm-none-eabi/lib/armv7-m\libg.a(lib_a-init.o)
 .bss           0x00000000        0x0 c:/program files (x86)/cypress/psoc creator/4.4/psoc creator/import/gnu/arm/5.4.1/bin/../lib/gcc/arm-none-eabi/5.4.1/../../../../arm-none-eabi/lib/armv7-m\libg.a(lib_a-init.o)
 .data          0x00000000        0x0 c:/program files (x86)/cypress/psoc creator/4.4/psoc creator/import/gnu/arm/5.4.1/bin/../lib/gcc/arm-none-eabi/5.4.1/../../../../arm-none-eabi/lib/armv7-m\libg.a(lib_a-memcpy.o)
 .bss           0x00000000        0x0 c:/program files (x86)/cypress/psoc creator/4.4/psoc creator/import/gnu/arm/5.4.1/bin/../lib/gcc/arm-none-eabi/5.4.1/../../../../arm-none-eabi/lib/armv7-m\libg.a(lib_a-memcpy.o)
 .text          0x00000000        0x0 c:/program files (x86)/cypress/psoc creator/4.4/psoc creator/import/gnu/arm/5.4.1/bin/../lib/gcc/arm-none-eabi/5.4.1/../../../../arm-none-eabi/lib/armv7-m\libg.a(lib_a-memset.o)
 .data          0x00000000        0x0 c:/program files (x86)/cypress/psoc creator/4.4/psoc creator/import/gnu/arm/5.4.1/bin/../lib/gcc/arm-none-eabi/5.4.1/../../../../arm-none-eabi/lib/armv7-m\libg.a(lib_a-memset.o)
 .bss           0x00000000        0x0 c:/program files (x86)/cypress/psoc creator/4.4/psoc creator/import/gnu/arm/5.4.1/bin/../lib/gcc/arm-none-eabi/5.4.1/../../../../arm-none-eabi/lib/armv7-m\libg.a(lib_a-memset.o)
 .text          0x00000000        0x0 c:/program files (x86)/cypress/psoc creator/4.4/psoc creator/import/gnu/arm/5.4.1/bin/../lib/gcc/arm-none-eabi/5.4.1/../../../../arm-none-eabi/lib/armv7-m\libg.a(lib_a-strncpy.o)
 .data          0x00000000        0x0 c:/program files (x86)/cypress/psoc creator/4.4/psoc creator/import/gnu/arm/5.4.1/bin/../lib/gcc/arm-none-eabi/5.4.1/../../../../arm-none-eabi/lib/armv7-m\libg.a(lib_a-strncpy.o)
 .bss           0x00000000        0x0 c:/program files (x86)/cypress/psoc creator/4.4/psoc creator/import/gnu/arm/5.4.1/bin/../lib/gcc/arm-none-eabi/5.4.1/../../../../arm-none-eabi/lib/armv7-m\libg.a(lib_a-strncpy.o)
 .text          0x00000000        0x0 c:/program files (x86)/cypress/psoc creator/4.4/psoc creator/import/gnu/arm/5.4.1/bin/../lib/gcc/arm-none-eabi/5.4.1/../../../../arm-none-eabi/lib/armv7-m\libg.a(lib_a-utoa.o)
 .data          0x00000000        0x0 c:/program files (x86)/cypress/psoc creator/4.4/psoc creator/import/gnu/arm/5.4.1/bin/../lib/gcc/arm-none-eabi/5.4.1/../../../../arm-none-eabi/lib/armv7-m\libg.a(lib_a-utoa.o)
 .bss           0x00000000        0x0 c:/program files (x86)/cypress/psoc creator/4.4/psoc creator/import/gnu/arm/5.4.1/bin/../lib/gcc/arm-none-eabi/5.4.1/../../../../arm-none-eabi/lib/armv7-m\libg.a(lib_a-utoa.o)
 .text          0x00000000        0x0 c:/program files (x86)/cypress/psoc creator/4.4/psoc creator/import/gnu/arm/5.4.1/bin/../lib/gcc/arm-none-eabi/5.4.1/../../../../arm-none-eabi/lib/armv7-m\libg.a(lib_a-__call_atexit.o)
 .data          0x00000000        0x0 c:/program files (x86)/cypress/psoc creator/4.4/psoc creator/import/gnu/arm/5.4.1/bin/../lib/gcc/arm-none-eabi/5.4.1/../../../../arm-none-eabi/lib/armv7-m\libg.a(lib_a-__call_atexit.o)
 .bss           0x00000000        0x0 c:/program files (x86)/cypress/psoc creator/4.4/psoc creator/import/gnu/arm/5.4.1/bin/../lib/gcc/arm-none-eabi/5.4.1/../../../../arm-none-eabi/lib/armv7-m\libg.a(lib_a-__call_atexit.o)
 .text.__call_exitprocs
                0x00000000       0xd8 c:/program files (x86)/cypress/psoc creator/4.4/psoc creator/import/gnu/arm/5.4.1/bin/../lib/gcc/arm-none-eabi/5.4.1/../../../../arm-none-eabi/lib/armv7-m\libg.a(lib_a-__call_atexit.o)
 .text          0x00000000        0x0 c:/program files (x86)/cypress/psoc creator/4.4/psoc creator/import/gnu/arm/5.4.1/bin/../lib/gcc/arm-none-eabi/5.4.1/../../../../arm-none-eabi/lib/armv7-m\libg.a(lib_a-atexit.o)
 .data          0x00000000        0x0 c:/program files (x86)/cypress/psoc creator/4.4/psoc creator/import/gnu/arm/5.4.1/bin/../lib/gcc/arm-none-eabi/5.4.1/../../../../arm-none-eabi/lib/armv7-m\libg.a(lib_a-atexit.o)
 .bss           0x00000000        0x0 c:/program files (x86)/cypress/psoc creator/4.4/psoc creator/import/gnu/arm/5.4.1/bin/../lib/gcc/arm-none-eabi/5.4.1/../../../../arm-none-eabi/lib/armv7-m\libg.a(lib_a-atexit.o)
 .text          0x00000000        0x0 c:/program files (x86)/cypress/psoc creator/4.4/psoc creator/import/gnu/arm/5.4.1/bin/../lib/gcc/arm-none-eabi/5.4.1/../../../../arm-none-eabi/lib/armv7-m\libg.a(lib_a-fini.o)
 .data          0x00000000        0x0 c:/program files (x86)/cypress/psoc creator/4.4/psoc creator/import/gnu/arm/5.4.1/bin/../lib/gcc/arm-none-eabi/5.4.1/../../../../arm-none-eabi/lib/armv7-m\libg.a(lib_a-fini.o)
 .bss           0x00000000        0x0 c:/program files (x86)/cypress/psoc creator/4.4/psoc creator/import/gnu/arm/5.4.1/bin/../lib/gcc/arm-none-eabi/5.4.1/../../../../arm-none-eabi/lib/armv7-m\libg.a(lib_a-fini.o)
 .text          0x00000000        0x0 c:/program files (x86)/cypress/psoc creator/4.4/psoc creator/import/gnu/arm/5.4.1/bin/../lib/gcc/arm-none-eabi/5.4.1/../../../../arm-none-eabi/lib/armv7-m\libg.a(lib_a-__atexit.o)
 .data          0x00000000        0x0 c:/program files (x86)/cypress/psoc creator/4.4/psoc creator/import/gnu/arm/5.4.1/bin/../lib/gcc/arm-none-eabi/5.4.1/../../../../arm-none-eabi/lib/armv7-m\libg.a(lib_a-__atexit.o)
 .bss           0x00000000        0x0 c:/program files (x86)/cypress/psoc creator/4.4/psoc creator/import/gnu/arm/5.4.1/bin/../lib/gcc/arm-none-eabi/5.4.1/../../../../arm-none-eabi/lib/armv7-m\libg.a(lib_a-__atexit.o)
 .text          0x00000000        0x0 c:/program files (x86)/cypress/psoc creator/4.4/psoc creator/import/gnu/arm/5.4.1/bin/../lib/gcc/arm-none-eabi/5.4.1/armv7-m/crtend.o
 .data          0x00000000        0x0 c:/program files (x86)/cypress/psoc creator/4.4/psoc creator/import/gnu/arm/5.4.1/bin/../lib/gcc/arm-none-eabi/5.4.1/armv7-m/crtend.o
 .bss           0x00000000        0x0 c:/program files (x86)/cypress/psoc creator/4.4/psoc creator/import/gnu/arm/5.4.1/bin/../lib/gcc/arm-none-eabi/5.4.1/armv7-m/crtend.o
 .text          0x00000000        0x0 c:/program files (x86)/cypress/psoc creator/4.4/psoc creator/import/gnu/arm/5.4.1/bin/../lib/gcc/arm-none-eabi/5.4.1/armv7-m/crtn.o
 .data          0x00000000        0x0 c:/program files (x86)/cypress/psoc creator/4.4/psoc creator/import/gnu/arm/5.4.1/bin/../lib/gcc/arm-none-eabi/5.4.1/armv7-m/crtn.o
 .bss           0x00000000        0x0 c:/program files (x86)/cypress/psoc creator/4.4/psoc creator/import/gnu/arm/5.4.1/bin/../lib/gcc/arm-none-eabi/5.4.1/armv7-m/crtn.o

Memory Configuration

Name             Origin             Length             Attributes
rom              0x00000000         0x00040000         xr
ram              0x1fff8000         0x00010000         xrw
*default*        0x00000000         0xffffffff

Linker script and memory map

LOAD c:/program files (x86)/cypress/psoc creator/4.4/psoc creator/import/gnu/arm/5.4.1/bin/../lib/gcc/arm-none-eabi/5.4.1/armv7-m/crti.o
LOAD c:/program files (x86)/cypress/psoc creator/4.4/psoc creator/import/gnu/arm/5.4.1/bin/../lib/gcc/arm-none-eabi/5.4.1/armv7-m/crtbegin.o
LOAD c:/program files (x86)/cypress/psoc creator/4.4/psoc creator/import/gnu/arm/5.4.1/bin/../lib/gcc/arm-none-eabi/5.4.1/../../../../arm-none-eabi/lib/armv7-m/crt0.o
START GROUP
LOAD .\CortexM3\ARM_GCC_541\Debug\main.o
LOAD .\CortexM3\ARM_GCC_541\Debug\Analyzer.o
LOAD .\CortexM3\ARM_GCC_541\Debug\cyfitter_cfg.o
LOAD .\CortexM3\ARM_GCC_541\Debug\cymetadata.o
LOAD .\CortexM3\ARM_GCC_541\Debug\Cm3Start.o
LOAD .\CortexM3\ARM_GCC_541\Debug\Timing_Analysis.a
LOAD C:\Program Files (x86)\Cypress\PSoC Creator\4.4\PSoC Creator\psoc\content\cycomponentlibrary\CyComponentLibrary.cylib\CortexM3\ARM_GCC_541\Debug\CyComponentLibrary.a
END GROUP
START GROUP
LOAD c:/program files (x86)/cypress/psoc creator/4.4/psoc creator/import/gnu/arm/5.4.1/bin/../lib/gcc/arm-none-eabi/5.4.1/armv7-m\libgcc.a
LOAD c:/program files (x86)/cypress/psoc creator/4.4/psoc creator/import/gnu/arm/5.4.1/bin/../lib/gcc/arm-none-eabi/5.4.1/../../../../arm-none-eabi/lib/armv7-m\libg.a
LOAD c:/program files (x86)/cypress/psoc creator/4.4/psoc creator/import/gnu/arm/5.4.1/bin/../lib/gcc/arm-none-eabi/5.4.1/../../../../arm-none-eabi/lib/armv7-m\libc.a
END GROUP
LOAD c:/program files (x86)/cypress/psoc creator/4.4/psoc creator/import/gnu/arm/5.4.1/bin/../lib/gcc/arm-none-eabi/5.4.1/armv7-m/crtend.o
LOAD c:/program files (x86)/cypress/psoc creator/4.4/psoc creator/import/gnu/arm/5.4.1/bin/../lib/gcc/arm-none-eabi/5.4.1/armv7-m/crtn.o
START GROUP
LOAD c:/program files (x86)/cypress/psoc creator/4.4/psoc creator/import/gnu/arm/5.4.1/bin/../lib/gcc/arm-none-eabi/5.4.1/armv7-m\libgcc.a
LOAD c:/program files (x86)/cypress/psoc creator/4.4/psoc creator/import/gnu/arm/5.4.1/bin/../lib/gcc/arm-none-eabi/5.4.1/../../../../arm-none-eabi/lib/armv7-m\libc.a
LOAD c:/program files (x86)/cypress/psoc creator/4.4/psoc creator/import/gnu/arm/5.4.1/bin/../lib/gcc/arm-none-eabi/5.4.1/../../../../arm-none-eabi/lib/armv7-m\libnosys.a
END GROUP
                0x00000000                CY_APPL_ORIGIN = 0x0
                0x00000100                CY_FLASH_ROW_SIZE = 0x100
                0x00000020                CY_ECC_ROW_SIZE = 0x20
                0x00000000                CY_EE_IN_BTLDR = 0x0
                0x00000000                CY_APPL_LOADABLE = 0x0
                0x00000800                CY_EE_SIZE = 0x800
                0x00000001                CY_APPL_NUM = 0x1
                0x00000001                CY_APPL_MAX = 0x1
                0x00000040                CY_METADATA_SIZE = 0x40
                0x00000000                CY_APPL_LOADABLE = 0x0
                0x00000000                CY_CHECKSUM_EXCLUDE_SIZE = ALIGN (0x0, CY_FLASH_ROW_SIZE)
                [!provide]                PROVIDE (__cy_heap_start, _end)
                0x00000001                PROVIDE (__cy_region_num, ((__cy_regions_end - __cy_regions) / 0x10))
                0x20008000                PROVIDE (__cy_stack, (ORIGIN (ram) + LENGTH (ram)))
                [!provide]                PROVIDE (__cy_heap_end, (__cy_stack - 0x800))

.cybootloader   0x00000000        0x0
 *(.cybootloader)
                0x00000000                appl1_start = CY_APPL_ORIGIN?CY_APPL_ORIGIN:ALIGN (CY_FLASH_ROW_SIZE)
                0x0001ff00                appl2_start = (appl1_start + ALIGN ((((LENGTH (rom) - appl1_start) - (0x2 * CY_FLASH_ROW_SIZE)) / 0x2), CY_FLASH_ROW_SIZE))
                0x00000000                appl_start = (CY_APPL_NUM == 0x1)?appl1_start:appl2_start
                0x00000000                ecc_offset = ((appl_start / CY_FLASH_ROW_SIZE) * CY_ECC_ROW_SIZE)
                0x00000000                ee_offset = (CY_APPL_LOADABLE && ! (CY_EE_IN_BTLDR))?((CY_EE_SIZE / CY_APPL_MAX) * (CY_APPL_NUM - 0x1)):0x0
                0x00000800                ee_size = (CY_APPL_LOADABLE && ! (CY_EE_IN_BTLDR))?(CY_EE_SIZE / CY_APPL_MAX):CY_EE_SIZE
                [!provide]                PROVIDE (CY_ECC_OFFSET, ecc_offset)

.text           0x00000000      0xd4c
 CREATE_OBJECT_SYMBOLS
                0x00000000                PROVIDE (__cy_interrupt_vector, RomVectors)
 *(.romvectors)
 .romvectors    0x00000000       0x10 .\CortexM3\ARM_GCC_541\Debug\Cm3Start.o
                0x00000000                RomVectors
                0x00000001                ASSERT ((. != __cy_interrupt_vector), No interrupt vector)
                0x00000001                ASSERT (CY_APPL_ORIGIN?(SIZEOF (.cybootloader) <= CY_APPL_ORIGIN):0x1, Wrong image location)
                0x00000010                PROVIDE (__cy_reset, Reset)
 *(.text.Reset)
 .text.Reset    0x00000010       0x18 .\CortexM3\ARM_GCC_541\Debug\Cm3Start.o
                0x00000010                Reset
                0x00000001                ASSERT ((. != __cy_reset), No reset code)
 *(.dma_init)
                0x00000001                ASSERT ((((appl_start + .) <= 0x10000) || 0x1), DMA Init must be within the first 64k of flash)
 *(.text .text.* .gnu.linkonce.t.*)
 .text          0x00000028       0x5c c:/program files (x86)/cypress/psoc creator/4.4/psoc creator/import/gnu/arm/5.4.1/bin/../lib/gcc/arm-none-eabi/5.4.1/armv7-m/crtbegin.o
 .text.main     0x00000084       0x6c .\CortexM3\ARM_GCC_541\Debug\main.o
                0x00000084                main
 .text.SysTick_Handler
                0x000000f0       0x10 .\CortexM3\ARM_GCC_541\Debug\Analyzer.o
                0x000000f0                SysTick_Handler
 .text.timing_Analyzer_init
                0x00000100       0x3c .\CortexM3\ARM_GCC_541\Debug\Analyzer.o
                0x00000100                timing_Analyzer_init
 .text.Time_Analyzer_Create
                0x0000013c       0x24 .\CortexM3\ARM_GCC_541\Debug\Analyzer.o
                0x0000013c                Time_Analyzer_Create
 .text.Analyzer_printStatus
                0x00000160       0x50 .\CortexM3\ARM_GCC_541\Debug\Analyzer.o
                0x00000160                Analyzer_printStatus
 .text.REDLED_START
                0x000001b0        0xc .\CortexM3\ARM_GCC_541\Debug\Analyzer.o
                0x000001b0                REDLED_START
 .text.GREEN_LED_START
                0x000001bc        0xc .\CortexM3\ARM_GCC_541\Debug\Analyzer.o
                0x000001bc                GREEN_LED_START
 .text.YELLOWLED_START
                0x000001c8        0xc .\CortexM3\ARM_GCC_541\Debug\Analyzer.o
                0x000001c8                YELLOWLED_START
 .text.Analyzer_Start
                0x000001d4       0xbc .\CortexM3\ARM_GCC_541\Debug\Analyzer.o
                0x000001d4                Analyzer_Start
 .text.REDLED_STOP
                0x00000290        0xc .\CortexM3\ARM_GCC_541\Debug\Analyzer.o
                0x00000290                REDLED_STOP
 .text.GREEN_LED_STOP
                0x0000029c        0xc .\CortexM3\ARM_GCC_541\Debug\Analyzer.o
                0x0000029c                GREEN_LED_STOP
 .text.YELLOWLED_STOP
                0x000002a8        0xc .\CortexM3\ARM_GCC_541\Debug\Analyzer.o
                0x000002a8                YELLOWLED_STOP
 .text.Analyzer_Stop
                0x000002b4      0x10c .\CortexM3\ARM_GCC_541\Debug\Analyzer.o
                0x000002b4                Analyzer_Stop
 .text.CyClockStartupError
                0x000003c0        0x4 .\CortexM3\ARM_GCC_541\Debug\cyfitter_cfg.o
 .text.cfg_write_bytes32
                0x000003c4       0x34 .\CortexM3\ARM_GCC_541\Debug\cyfitter_cfg.o
 .text.AnalogSetDefault
                0x000003f8       0x28 .\CortexM3\ARM_GCC_541\Debug\cyfitter_cfg.o
 .text.CYMEMZERO
                0x00000420        0xc .\CortexM3\ARM_GCC_541\Debug\cyfitter_cfg.o
 .text.ClockSetup
                0x0000042c       0xd4 .\CortexM3\ARM_GCC_541\Debug\cyfitter_cfg.o
 .text.CYCONFIGCPY
                0x00000500        0x8 .\CortexM3\ARM_GCC_541\Debug\cyfitter_cfg.o
 .text.cyfitter_cfg
                0x00000508      0x120 .\CortexM3\ARM_GCC_541\Debug\cyfitter_cfg.o
                0x00000508                cyfitter_cfg
 .text.IntDefaultHandler
                0x00000628       0x10 .\CortexM3\ARM_GCC_541\Debug\Cm3Start.o
                0x00000628                IntDefaultHandler
 .text.Start_c  0x00000638       0x4c .\CortexM3\ARM_GCC_541\Debug\Cm3Start.o
                0x00000638                Start_c
 .text.initialize_psoc
                0x00000684       0x68 .\CortexM3\ARM_GCC_541\Debug\Cm3Start.o
                0x00000684                initialize_psoc
 .text.CyHalt   0x000006ec        0x4 .\CortexM3\ARM_GCC_541\Debug\Timing_Analysis.a(CyLib.o)
                0x000006ec                CyHalt
 .text.CyDelay  0x000006f0       0x2c .\CortexM3\ARM_GCC_541\Debug\Timing_Analysis.a(CyLib.o)
                0x000006f0                CyDelay
 .text.CyIntSetSysVector
                0x0000071c       0x28 .\CortexM3\ARM_GCC_541\Debug\Timing_Analysis.a(CyLib.o)
                0x0000071c                CyIntSetSysVector
 .text.CySysTickStop
                0x00000744       0x10 .\CortexM3\ARM_GCC_541\Debug\Timing_Analysis.a(CyLib.o)
                0x00000744                CySysTickStop
 .text.CySysTickEnableInterrupt
                0x00000754       0x10 .\CortexM3\ARM_GCC_541\Debug\Timing_Analysis.a(CyLib.o)
                0x00000754                CySysTickEnableInterrupt
 .text.CySysTickEnable
                0x00000764       0x18 .\CortexM3\ARM_GCC_541\Debug\Timing_Analysis.a(CyLib.o)
                0x00000764                CySysTickEnable
 .text.CySysTickSetReload
                0x0000077c       0x10 .\CortexM3\ARM_GCC_541\Debug\Timing_Analysis.a(CyLib.o)
                0x0000077c                CySysTickSetReload
 .text.CySysTickSetClockSource
                0x0000078c       0x20 .\CortexM3\ARM_GCC_541\Debug\Timing_Analysis.a(CyLib.o)
                0x0000078c                CySysTickSetClockSource
 .text.CySysTickGetCountFlag
                0x000007ac       0x10 .\CortexM3\ARM_GCC_541\Debug\Timing_Analysis.a(CyLib.o)
                0x000007ac                CySysTickGetCountFlag
 .text.CySysTickServiceCallbacks
                0x000007bc       0x28 .\CortexM3\ARM_GCC_541\Debug\Timing_Analysis.a(CyLib.o)
 .text.CySysTickClear
                0x000007e4        0xc .\CortexM3\ARM_GCC_541\Debug\Timing_Analysis.a(CyLib.o)
                0x000007e4                CySysTickClear
 .text.CySysTickInit
                0x000007f0       0x58 .\CortexM3\ARM_GCC_541\Debug\Timing_Analysis.a(CyLib.o)
                0x000007f0                CySysTickInit
 .text.CySysTickSetCallback
                0x00000848       0x10 .\CortexM3\ARM_GCC_541\Debug\Timing_Analysis.a(CyLib.o)
                0x00000848                CySysTickSetCallback
 .text.UART_LOG_Init
                0x00000858       0x24 .\CortexM3\ARM_GCC_541\Debug\Timing_Analysis.a(UART_LOG.o)
                0x00000858                UART_LOG_Init
 .text.UART_LOG_Enable
                0x0000087c       0x38 .\CortexM3\ARM_GCC_541\Debug\Timing_Analysis.a(UART_LOG.o)
                0x0000087c                UART_LOG_Enable
 .text.UART_LOG_Start
                0x000008b4       0x1c .\CortexM3\ARM_GCC_541\Debug\Timing_Analysis.a(UART_LOG.o)
                0x000008b4                UART_LOG_Start
 .text.UART_LOG_PutChar
                0x000008d0       0x18 .\CortexM3\ARM_GCC_541\Debug\Timing_Analysis.a(UART_LOG.o)
                0x000008d0                UART_LOG_PutChar
 .text.UART_LOG_PutString
                0x000008e8       0x24 .\CortexM3\ARM_GCC_541\Debug\Timing_Analysis.a(UART_LOG.o)
                0x000008e8                UART_LOG_PutString
 .text.UART_LOG_IntClock_Start
                0x0000090c       0x1c .\CortexM3\ARM_GCC_541\Debug\Timing_Analysis.a(UART_LOG_IntClock.o)
                0x0000090c                UART_LOG_IntClock_Start
 .text.Pin_LEDRED_Write
                0x00000928       0x18 .\CortexM3\ARM_GCC_541\Debug\Timing_Analysis.a(Pin_LEDRED.o)
                0x00000928                Pin_LEDRED_Write
 .text.Pin_LEDGREEN_Write
                0x00000940       0x18 .\CortexM3\ARM_GCC_541\Debug\Timing_Analysis.a(Pin_LEDGREEN.o)
                0x00000940                Pin_LEDGREEN_Write
 .text.Pin_LEDYELLOW_Write
                0x00000958       0x18 .\CortexM3\ARM_GCC_541\Debug\Timing_Analysis.a(Pin_LEDYELLOW.o)
                0x00000958                Pin_LEDYELLOW_Write
 .text          0x00000970       0x20 .\CortexM3\ARM_GCC_541\Debug\Timing_Analysis.a(CyBootAsmGnu.o)
                0x00000970                CyDelayCycles
                0x00000980                CyEnterCriticalSection
                0x00000988                CyExitCriticalSection
 .text.__errno  0x00000990        0xc c:/program files (x86)/cypress/psoc creator/4.4/psoc creator/import/gnu/arm/5.4.1/bin/../lib/gcc/arm-none-eabi/5.4.1/../../../../arm-none-eabi/lib/armv7-m\libg.a(lib_a-errno.o)
                0x00000990                __errno
 .text.__libc_init_array
                0x0000099c       0x50 c:/program files (x86)/cypress/psoc creator/4.4/psoc creator/import/gnu/arm/5.4.1/bin/../lib/gcc/arm-none-eabi/5.4.1/../../../../arm-none-eabi/lib/armv7-m\libg.a(lib_a-init.o)
                0x0000099c                __libc_init_array
 .text          0x000009ec       0xec c:/program files (x86)/cypress/psoc creator/4.4/psoc creator/import/gnu/arm/5.4.1/bin/../lib/gcc/arm-none-eabi/5.4.1/../../../../arm-none-eabi/lib/armv7-m\libg.a(lib_a-memcpy.o)
                0x000009ec                memcpy
 .text.memset   0x00000ad8       0x9c c:/program files (x86)/cypress/psoc creator/4.4/psoc creator/import/gnu/arm/5.4.1/bin/../lib/gcc/arm-none-eabi/5.4.1/../../../../arm-none-eabi/lib/armv7-m\libg.a(lib_a-memset.o)
                0x00000ad8                memset
 .text.strncpy  0x00000b74       0x68 c:/program files (x86)/cypress/psoc creator/4.4/psoc creator/import/gnu/arm/5.4.1/bin/../lib/gcc/arm-none-eabi/5.4.1/../../../../arm-none-eabi/lib/armv7-m\libg.a(lib_a-strncpy.o)
                0x00000b74                strncpy
 .text.__utoa   0x00000bdc       0x80 c:/program files (x86)/cypress/psoc creator/4.4/psoc creator/import/gnu/arm/5.4.1/bin/../lib/gcc/arm-none-eabi/5.4.1/../../../../arm-none-eabi/lib/armv7-m\libg.a(lib_a-utoa.o)
                0x00000bdc                __utoa
 .text.utoa     0x00000c5c        0x4 c:/program files (x86)/cypress/psoc creator/4.4/psoc creator/import/gnu/arm/5.4.1/bin/../lib/gcc/arm-none-eabi/5.4.1/../../../../arm-none-eabi/lib/armv7-m\libg.a(lib_a-utoa.o)
                0x00000c5c                utoa
 .text.startup.register_fini
                0x00000c60       0x14 c:/program files (x86)/cypress/psoc creator/4.4/psoc creator/import/gnu/arm/5.4.1/bin/../lib/gcc/arm-none-eabi/5.4.1/../../../../arm-none-eabi/lib/armv7-m\libg.a(lib_a-__call_atexit.o)
 .text.atexit   0x00000c74        0xc c:/program files (x86)/cypress/psoc creator/4.4/psoc creator/import/gnu/arm/5.4.1/bin/../lib/gcc/arm-none-eabi/5.4.1/../../../../arm-none-eabi/lib/armv7-m\libg.a(lib_a-atexit.o)
                0x00000c74                atexit
 .text.__libc_fini_array
                0x00000c80       0x28 c:/program files (x86)/cypress/psoc creator/4.4/psoc creator/import/gnu/arm/5.4.1/bin/../lib/gcc/arm-none-eabi/5.4.1/../../../../arm-none-eabi/lib/armv7-m\libg.a(lib_a-fini.o)
                0x00000c80                __libc_fini_array
 .text.__register_exitproc
                0x00000ca8       0xa4 c:/program files (x86)/cypress/psoc creator/4.4/psoc creator/import/gnu/arm/5.4.1/bin/../lib/gcc/arm-none-eabi/5.4.1/../../../../arm-none-eabi/lib/armv7-m\libg.a(lib_a-__atexit.o)
                0x00000ca8                __register_exitproc
 *(.plt)
 *(.gnu.warning)
 *(.glue_7t)
 .glue_7t       0x00000d4c        0x0 linker stubs
 *(.glue_7)
 .glue_7        0x00000d4c        0x0 linker stubs
 *(.vfp11_veneer)
 .vfp11_veneer  0x00000d4c        0x0 linker stubs
 *(.bootloader)
 *(.ARM.extab* .gnu.linkonce.armextab.*)
 *(.gcc_except_table)

.v4_bx          0x00000d4c        0x0
 .v4_bx         0x00000d4c        0x0 linker stubs

.iplt           0x00000d4c        0x0
 .iplt          0x00000d4c        0x0 c:/program files (x86)/cypress/psoc creator/4.4/psoc creator/import/gnu/arm/5.4.1/bin/../lib/gcc/arm-none-eabi/5.4.1/armv7-m/crtbegin.o

.eh_frame_hdr
 *(.eh_frame_hdr)

.eh_frame       0x00000d4c        0x4
 *(.eh_frame)
 .eh_frame      0x00000d4c        0x0 c:/program files (x86)/cypress/psoc creator/4.4/psoc creator/import/gnu/arm/5.4.1/bin/../lib/gcc/arm-none-eabi/5.4.1/armv7-m/crtbegin.o
 .eh_frame      0x00000d4c        0x4 c:/program files (x86)/cypress/psoc creator/4.4/psoc creator/import/gnu/arm/5.4.1/bin/../lib/gcc/arm-none-eabi/5.4.1/armv7-m/crtend.o
                [!provide]                PROVIDE (__exidx_start, .)

.ARM.exidx
 *(.ARM.exidx* .gnu.linkonce.armexidx.*)
                0x00000d50                __exidx_end = .

.rodata         0x00000d50       0xf0
 *(.rodata .rodata.* .gnu.linkonce.r.*)
 .rodata.str1.4
                0x00000d50        0xa .\CortexM3\ARM_GCC_541\Debug\main.o
 *fill*         0x00000d5a        0x2 
 .rodata.str1.4
                0x00000d5c       0x40 .\CortexM3\ARM_GCC_541\Debug\Analyzer.o
 .rodata        0x00000d9c       0x3a .\CortexM3\ARM_GCC_541\Debug\cyfitter_cfg.o
 *fill*         0x00000dd6        0x2 
 .rodata.str1.4
                0x00000dd8        0x2 c:/program files (x86)/cypress/psoc creator/4.4/psoc creator/import/gnu/arm/5.4.1/bin/../lib/gcc/arm-none-eabi/5.4.1/../../../../arm-none-eabi/lib/armv7-m\libg.a(lib_a-impure.o)
 *fill*         0x00000dda        0x2 
 .rodata._global_impure_ptr
                0x00000ddc        0x4 c:/program files (x86)/cypress/psoc creator/4.4/psoc creator/import/gnu/arm/5.4.1/bin/../lib/gcc/arm-none-eabi/5.4.1/../../../../arm-none-eabi/lib/armv7-m\libg.a(lib_a-impure.o)
                0x00000ddc                _global_impure_ptr
 .rodata.str1.4
                0x00000de0       0x28 c:/program files (x86)/cypress/psoc creator/4.4/psoc creator/import/gnu/arm/5.4.1/bin/../lib/gcc/arm-none-eabi/5.4.1/../../../../arm-none-eabi/lib/armv7-m\libg.a(lib_a-utoa.o)
                                 0x25 (size before relaxing)
                0x00000e08                . = ALIGN (0x4)
 *(.init)
 .init          0x00000e08        0x4 c:/program files (x86)/cypress/psoc creator/4.4/psoc creator/import/gnu/arm/5.4.1/bin/../lib/gcc/arm-none-eabi/5.4.1/armv7-m/crti.o
                0x00000e08                _init
 .init          0x00000e0c        0x8 c:/program files (x86)/cypress/psoc creator/4.4/psoc creator/import/gnu/arm/5.4.1/bin/../lib/gcc/arm-none-eabi/5.4.1/armv7-m/crtn.o
                0x00000e14                . = ALIGN (0x4)
                0x00000e14                __preinit_array_start = .
 *(.preinit_array)
                0x00000e14                __preinit_array_end = .
                0x00000e14                . = ALIGN (0x4)
                0x00000e14                __init_array_start = .
 *(SORT(.init_array.*))
 .init_array.00000
                0x00000e14        0x4 c:/program files (x86)/cypress/psoc creator/4.4/psoc creator/import/gnu/arm/5.4.1/bin/../lib/gcc/arm-none-eabi/5.4.1/../../../../arm-none-eabi/lib/armv7-m\libg.a(lib_a-__call_atexit.o)
 *(.init_array)
 .init_array    0x00000e18        0x4 c:/program files (x86)/cypress/psoc creator/4.4/psoc creator/import/gnu/arm/5.4.1/bin/../lib/gcc/arm-none-eabi/5.4.1/armv7-m/crtbegin.o
 .init_array    0x00000e1c        0x4 .\CortexM3\ARM_GCC_541\Debug\Cm3Start.o
                0x00000e20                __init_array_end = .
                0x00000e20                . = ALIGN (0x4)
 *(.fini)
 .fini          0x00000e20        0x4 c:/program files (x86)/cypress/psoc creator/4.4/psoc creator/import/gnu/arm/5.4.1/bin/../lib/gcc/arm-none-eabi/5.4.1/armv7-m/crti.o
                0x00000e20                _fini
 .fini          0x00000e24        0x8 c:/program files (x86)/cypress/psoc creator/4.4/psoc creator/import/gnu/arm/5.4.1/bin/../lib/gcc/arm-none-eabi/5.4.1/armv7-m/crtn.o
                0x00000e2c                . = ALIGN (0x4)
                0x00000e2c                __fini_array_start = .
 *(.fini_array)
 .fini_array    0x00000e2c        0x4 c:/program files (x86)/cypress/psoc creator/4.4/psoc creator/import/gnu/arm/5.4.1/bin/../lib/gcc/arm-none-eabi/5.4.1/armv7-m/crtbegin.o
 *(SORT(.fini_array.*))
                0x00000e30                __fini_array_end = .
                0x00000e30                . = ALIGN (0x4)
 *crtbegin.o(.ctors)
 *(EXCLUDE_FILE(*crtend.o) .ctors)
 *(SORT(.ctors.*))
 *crtend.o(.ctors)
                0x00000e30                . = ALIGN (0x4)
 *crtbegin.o(.dtors)
 *(EXCLUDE_FILE(*crtend.o) .dtors)
 *(SORT(.dtors.*))
 *crtend.o(.dtors)
                0x00000e30                . = ALIGN (0x4)
                0x00000e30                __cy_regions = .
                0x00000e30        0x4 LONG 0xe40 __cy_region_init_ram
                0x00000e34        0x4 LONG 0x1fff80c8 __cy_region_start_data
                0x00000e38        0x4 LONG 0x448 __cy_region_init_size_ram
                0x00000e3c        0x4 LONG 0xa8 __cy_region_zero_size_ram
                0x00000e40                __cy_regions_end = .
                0x00000e40                . = ALIGN (0x8)
                0x00000e40                _etext = .

.cy_checksum_exclude
                0x00000e40        0x0
 *(.cy_checksum_exclude)

.ramvectors     0x1fff8000       0xc0
                0x1fff8000                __cy_region_start_ram = .
 *(.ramvectors)
 .ramvectors    0x1fff8000       0xc0 .\CortexM3\ARM_GCC_541\Debug\Cm3Start.o
                0x1fff8000                CyRamVectors

.noinit         0x1fff80c0        0x1
 *(.noinit)
 .noinit        0x1fff80c0        0x1 .\CortexM3\ARM_GCC_541\Debug\Timing_Analysis.a(CyLib.o)
                0x1fff80c0                CyResetStatus

.data           0x1fff80c8      0x448 load address 0x00000e40
                0x1fff80c8                __cy_region_start_data = .
 *(.jcr)
 .jcr           0x1fff80c8        0x0 c:/program files (x86)/cypress/psoc creator/4.4/psoc creator/import/gnu/arm/5.4.1/bin/../lib/gcc/arm-none-eabi/5.4.1/armv7-m/crtbegin.o
 .jcr           0x1fff80c8        0x4 c:/program files (x86)/cypress/psoc creator/4.4/psoc creator/import/gnu/arm/5.4.1/bin/../lib/gcc/arm-none-eabi/5.4.1/armv7-m/crtend.o
 *(.got.plt)
 *(.got)
 *(.shdata)
 *(.data .data.* .gnu.linkonce.d.*)
 .data          0x1fff80cc       0x10 .\CortexM3\ARM_GCC_541\Debug\Timing_Analysis.a(CyLib.o)
                0x1fff80cc                cydelay_32k_ms
                0x1fff80d0                cydelay_freq_khz
                0x1fff80d4                cydelay_freq_mhz
                0x1fff80d8                cydelay_freq_hz
 *fill*         0x1fff80dc        0x4 
 .data.impure_data
                0x1fff80e0      0x428 c:/program files (x86)/cypress/psoc creator/4.4/psoc creator/import/gnu/arm/5.4.1/bin/../lib/gcc/arm-none-eabi/5.4.1/../../../../arm-none-eabi/lib/armv7-m\libg.a(lib_a-impure.o)
 .data._impure_ptr
                0x1fff8508        0x4 c:/program files (x86)/cypress/psoc creator/4.4/psoc creator/import/gnu/arm/5.4.1/bin/../lib/gcc/arm-none-eabi/5.4.1/../../../../arm-none-eabi/lib/armv7-m\libg.a(lib_a-impure.o)
                0x1fff8508                _impure_ptr
                0x1fff8510                . = ALIGN (0x8)
 *fill*         0x1fff850c        0x4 
 *(.ram)
                0x1fff8510                _edata = .

.igot.plt       0x1fff8510        0x0 load address 0x00001288
 .igot.plt      0x1fff8510        0x0 c:/program files (x86)/cypress/psoc creator/4.4/psoc creator/import/gnu/arm/5.4.1/bin/../lib/gcc/arm-none-eabi/5.4.1/armv7-m/crtbegin.o

.bss            0x1fff8510       0xa8 load address 0x00001288
                0x1fff8510                PROVIDE (__bss_start__, .)
 *(.shbss)
 *(.bss .bss.* .gnu.linkonce.b.*)
 .bss           0x1fff8510       0x1c c:/program files (x86)/cypress/psoc creator/4.4/psoc creator/import/gnu/arm/5.4.1/bin/../lib/gcc/arm-none-eabi/5.4.1/armv7-m/crtbegin.o
 .bss           0x1fff852c        0x8 .\CortexM3\ARM_GCC_541\Debug\Analyzer.o
                0x1fff852c                timer
                0x1fff8530                isPaused
 .bss           0x1fff8534       0x1c .\CortexM3\ARM_GCC_541\Debug\Timing_Analysis.a(CyLib.o)
                0x1fff854c                CySysTickInitVar
 .bss           0x1fff8550        0x2 .\CortexM3\ARM_GCC_541\Debug\Timing_Analysis.a(UART_LOG.o)
                0x1fff8550                UART_LOG_initVar
 *(COMMON)
 *fill*         0x1fff8552        0x2 
 COMMON         0x1fff8554       0x60 .\CortexM3\ARM_GCC_541\Debug\main.o
                0x1fff8554                TimingAnalyzer
                0x1fff8584                TimingAnalyzer1
                0x1fff85b8                . = ALIGN (0x8)
 *fill*         0x1fff85b4        0x4 
 *(.ram.b)
                0x1fff85b8                _end = .
                0x1fff85b8                __end = .
                0x1fff85b8                PROVIDE (end, .)
                0x1fff85b8                PROVIDE (__bss_end__, .)
                0x00000e40                __cy_region_init_ram = LOADADDR (.data)
                0x00000448                __cy_region_init_size_ram = (_edata - ADDR (.data))
                0x000000a8                __cy_region_zero_size_ram = (_end - _edata)

.heap           0x1fff85b8       0x80 load address 0x00001288
                0x1fff85b8                . = _end
                0x1fff8638                . = (. + 0x80)
 *fill*         0x1fff85b8       0x80 
                0x1fff8638                __cy_heap_limit = .

.stack          0x20007800      0x800
                0x20007800                __cy_stack_limit = .
                0x20008000                . = (. + 0x800)
 *fill*         0x20007800      0x800 
                0x00000001                ASSERT ((__cy_stack_limit >= __cy_heap_limit), region RAM overflowed with stack)
                0x00000000                cy_checksum_exclude_size = (CY_APPL_LOADABLE == 0x1)?SIZEOF (.cy_checksum_exclude):0x0
                0x00000001                ASSERT ((cy_checksum_exclude_size <= CY_CHECKSUM_EXCLUDE_SIZE), CY_BOOT: Section .cy_checksum_exclude size exceedes specified limit.)

.cyloadermeta
 *(.cyloadermeta)

.cyloadablemeta
 *(.cyloadablemeta)

.cyconfigecc    0x80000000      0x32c
 *(.cyconfigecc)
 .cyconfigecc   0x80000000      0x32c .\CortexM3\ARM_GCC_541\Debug\cymetadata.o
                0x80000000                cy_meta_configecc

.cycustnvl      0x90000000        0x4
 *(.cycustnvl)
 .cycustnvl     0x90000000        0x4 .\CortexM3\ARM_GCC_541\Debug\cymetadata.o
                0x90000000                cy_meta_custnvl

.cywolatch      0x90100000        0x4
 *(.cywolatch)
 .cywolatch     0x90100000        0x4 .\CortexM3\ARM_GCC_541\Debug\cymetadata.o
                0x90100000                cy_meta_wonvl

.cyeeprom       0x90200000        0x0
 *(.cyeeprom)
                0x00000001                ASSERT ((. <= ((0x90200000 + ee_offset) + ee_size)), .cyeeprom data will not fit in EEPROM)

.cyflashprotect
                0x90400000      0x100
 *(.cyflashprotect)
 .cyflashprotect
                0x90400000      0x100 .\CortexM3\ARM_GCC_541\Debug\cymetadata.o
                0x90400000                cy_meta_flashprotect

.cymeta         0x90500000        0xc
 *(.cymeta)
 .cymeta        0x90500000        0xc .\CortexM3\ARM_GCC_541\Debug\cymetadata.o
                0x90500000                cy_metadata

.rel.dyn        0x00001288        0x0 load address 0x9050000c
 .rel.iplt      0x00001288        0x0 c:/program files (x86)/cypress/psoc creator/4.4/psoc creator/import/gnu/arm/5.4.1/bin/../lib/gcc/arm-none-eabi/5.4.1/armv7-m/crtbegin.o

.stab
 *(.stab)

.stabstr
 *(.stabstr)

.debug
 *(.debug)

.line
 *(.line)

.debug_srcinfo
 *(.debug_srcinfo)

.debug_sfnames
 *(.debug_sfnames)

.debug_aranges  0x00000000      0x7d0
 *(.debug_aranges)
 .debug_aranges
                0x00000000       0x20 .\CortexM3\ARM_GCC_541\Debug\main.o
 .debug_aranges
                0x00000020       0x90 .\CortexM3\ARM_GCC_541\Debug\Analyzer.o
 .debug_aranges
                0x000000b0       0x58 .\CortexM3\ARM_GCC_541\Debug\cyfitter_cfg.o
 .debug_aranges
                0x00000108       0x18 .\CortexM3\ARM_GCC_541\Debug\cymetadata.o
 .debug_aranges
                0x00000120       0x48 .\CortexM3\ARM_GCC_541\Debug\Cm3Start.o
 .debug_aranges
                0x00000168      0x2a0 .\CortexM3\ARM_GCC_541\Debug\Timing_Analysis.a(CyLib.o)
 .debug_aranges
                0x00000408       0x98 .\CortexM3\ARM_GCC_541\Debug\Timing_Analysis.a(cyPm.o)
 .debug_aranges
                0x000004a0       0xf0 .\CortexM3\ARM_GCC_541\Debug\Timing_Analysis.a(UART_LOG.o)
 .debug_aranges
                0x00000590       0x70 .\CortexM3\ARM_GCC_541\Debug\Timing_Analysis.a(UART_LOG_IntClock.o)
 .debug_aranges
                0x00000600       0x38 .\CortexM3\ARM_GCC_541\Debug\Timing_Analysis.a(Pin_LEDRED.o)
 .debug_aranges
                0x00000638       0x38 .\CortexM3\ARM_GCC_541\Debug\Timing_Analysis.a(Pin_LEDGREEN.o)
 .debug_aranges
                0x00000670       0x38 .\CortexM3\ARM_GCC_541\Debug\Timing_Analysis.a(Pin_LEDYELLOW.o)
 .debug_aranges
                0x000006a8       0x20 .\CortexM3\ARM_GCC_541\Debug\Timing_Analysis.a(CyBootAsmGnu.o)
 .debug_aranges
                0x000006c8       0x88 .\CortexM3\ARM_GCC_541\Debug\Timing_Analysis.a(CyFlash.o)
 .debug_aranges
                0x00000750       0x80 .\CortexM3\ARM_GCC_541\Debug\Timing_Analysis.a(CySpc.o)

.debug_pubnames
 *(.debug_pubnames)

.debug_info     0x00000000     0x4f75
 *(.debug_info .gnu.linkonce.wi.*)
 .debug_info    0x00000000      0x3c3 .\CortexM3\ARM_GCC_541\Debug\main.o
 .debug_info    0x000003c3      0xb4f .\CortexM3\ARM_GCC_541\Debug\Analyzer.o
 .debug_info    0x00000f12      0x5b9 .\CortexM3\ARM_GCC_541\Debug\cyfitter_cfg.o
 .debug_info    0x000014cb      0x135 .\CortexM3\ARM_GCC_541\Debug\cymetadata.o
 .debug_info    0x00001600      0x3bb .\CortexM3\ARM_GCC_541\Debug\Cm3Start.o
 .debug_info    0x000019bb     0x1374 .\CortexM3\ARM_GCC_541\Debug\Timing_Analysis.a(CyLib.o)
 .debug_info    0x00002d2f      0xa2a .\CortexM3\ARM_GCC_541\Debug\Timing_Analysis.a(cyPm.o)
 .debug_info    0x00003759      0x60c .\CortexM3\ARM_GCC_541\Debug\Timing_Analysis.a(UART_LOG.o)
 .debug_info    0x00003d65      0x283 .\CortexM3\ARM_GCC_541\Debug\Timing_Analysis.a(UART_LOG_IntClock.o)
 .debug_info    0x00003fe8      0x11f .\CortexM3\ARM_GCC_541\Debug\Timing_Analysis.a(Pin_LEDRED.o)
 .debug_info    0x00004107      0x11f .\CortexM3\ARM_GCC_541\Debug\Timing_Analysis.a(Pin_LEDGREEN.o)
 .debug_info    0x00004226      0x11f .\CortexM3\ARM_GCC_541\Debug\Timing_Analysis.a(Pin_LEDYELLOW.o)
 .debug_info    0x00004345       0x93 .\CortexM3\ARM_GCC_541\Debug\Timing_Analysis.a(CyBootAsmGnu.o)
 .debug_info    0x000043d8      0x64d .\CortexM3\ARM_GCC_541\Debug\Timing_Analysis.a(CyFlash.o)
 .debug_info    0x00004a25      0x550 .\CortexM3\ARM_GCC_541\Debug\Timing_Analysis.a(CySpc.o)

.debug_abbrev   0x00000000     0x13a9
 *(.debug_abbrev)
 .debug_abbrev  0x00000000      0x169 .\CortexM3\ARM_GCC_541\Debug\main.o
 .debug_abbrev  0x00000169      0x239 .\CortexM3\ARM_GCC_541\Debug\Analyzer.o
 .debug_abbrev  0x000003a2      0x20d .\CortexM3\ARM_GCC_541\Debug\cyfitter_cfg.o
 .debug_abbrev  0x000005af       0x66 .\CortexM3\ARM_GCC_541\Debug\cymetadata.o
 .debug_abbrev  0x00000615      0x1e8 .\CortexM3\ARM_GCC_541\Debug\Cm3Start.o
 .debug_abbrev  0x000007fd      0x254 .\CortexM3\ARM_GCC_541\Debug\Timing_Analysis.a(CyLib.o)
 .debug_abbrev  0x00000a51      0x1ab .\CortexM3\ARM_GCC_541\Debug\Timing_Analysis.a(cyPm.o)
 .debug_abbrev  0x00000bfc      0x175 .\CortexM3\ARM_GCC_541\Debug\Timing_Analysis.a(UART_LOG.o)
 .debug_abbrev  0x00000d71      0x139 .\CortexM3\ARM_GCC_541\Debug\Timing_Analysis.a(UART_LOG_IntClock.o)
 .debug_abbrev  0x00000eaa       0x90 .\CortexM3\ARM_GCC_541\Debug\Timing_Analysis.a(Pin_LEDRED.o)
 .debug_abbrev  0x00000f3a       0x90 .\CortexM3\ARM_GCC_541\Debug\Timing_Analysis.a(Pin_LEDGREEN.o)
 .debug_abbrev  0x00000fca       0x90 .\CortexM3\ARM_GCC_541\Debug\Timing_Analysis.a(Pin_LEDYELLOW.o)
 .debug_abbrev  0x0000105a       0x14 .\CortexM3\ARM_GCC_541\Debug\Timing_Analysis.a(CyBootAsmGnu.o)
 .debug_abbrev  0x0000106e      0x1a7 .\CortexM3\ARM_GCC_541\Debug\Timing_Analysis.a(CyFlash.o)
 .debug_abbrev  0x00001215      0x194 .\CortexM3\ARM_GCC_541\Debug\Timing_Analysis.a(CySpc.o)

.debug_line     0x00000000     0x214f
 *(.debug_line)
 .debug_line    0x00000000      0x1a2 .\CortexM3\ARM_GCC_541\Debug\main.o
 .debug_line    0x000001a2      0x3d5 .\CortexM3\ARM_GCC_541\Debug\Analyzer.o
 .debug_line    0x00000577      0x1f8 .\CortexM3\ARM_GCC_541\Debug\cyfitter_cfg.o
 .debug_line    0x0000076f      0x141 .\CortexM3\ARM_GCC_541\Debug\cymetadata.o
 .debug_line    0x000008b0      0x234 .\CortexM3\ARM_GCC_541\Debug\Cm3Start.o
 .debug_line    0x00000ae4      0x816 .\CortexM3\ARM_GCC_541\Debug\Timing_Analysis.a(CyLib.o)
 .debug_line    0x000012fa      0x367 .\CortexM3\ARM_GCC_541\Debug\Timing_Analysis.a(cyPm.o)
 .debug_line    0x00001661      0x2c4 .\CortexM3\ARM_GCC_541\Debug\Timing_Analysis.a(UART_LOG.o)
 .debug_line    0x00001925      0x180 .\CortexM3\ARM_GCC_541\Debug\Timing_Analysis.a(UART_LOG_IntClock.o)
 .debug_line    0x00001aa5       0x97 .\CortexM3\ARM_GCC_541\Debug\Timing_Analysis.a(Pin_LEDRED.o)
 .debug_line    0x00001b3c       0x99 .\CortexM3\ARM_GCC_541\Debug\Timing_Analysis.a(Pin_LEDGREEN.o)
 .debug_line    0x00001bd5       0x9a .\CortexM3\ARM_GCC_541\Debug\Timing_Analysis.a(Pin_LEDYELLOW.o)
 .debug_line    0x00001c6f       0x66 .\CortexM3\ARM_GCC_541\Debug\Timing_Analysis.a(CyBootAsmGnu.o)
 .debug_line    0x00001cd5      0x21a .\CortexM3\ARM_GCC_541\Debug\Timing_Analysis.a(CyFlash.o)
 .debug_line    0x00001eef      0x260 .\CortexM3\ARM_GCC_541\Debug\Timing_Analysis.a(CySpc.o)

.debug_frame    0x00000000     0x1608
 *(.debug_frame)
 .debug_frame   0x00000000       0x34 .\CortexM3\ARM_GCC_541\Debug\main.o
 .debug_frame   0x00000034      0x1d4 .\CortexM3\ARM_GCC_541\Debug\Analyzer.o
 .debug_frame   0x00000208       0xe4 .\CortexM3\ARM_GCC_541\Debug\cyfitter_cfg.o
 .debug_frame   0x000002ec       0xb8 .\CortexM3\ARM_GCC_541\Debug\Cm3Start.o
 .debug_frame   0x000003a4      0x738 .\CortexM3\ARM_GCC_541\Debug\Timing_Analysis.a(CyLib.o)
 .debug_frame   0x00000adc      0x1f8 .\CortexM3\ARM_GCC_541\Debug\Timing_Analysis.a(cyPm.o)
 .debug_frame   0x00000cd4      0x250 .\CortexM3\ARM_GCC_541\Debug\Timing_Analysis.a(UART_LOG.o)
 .debug_frame   0x00000f24       0xe0 .\CortexM3\ARM_GCC_541\Debug\Timing_Analysis.a(UART_LOG_IntClock.o)
 .debug_frame   0x00001004       0x50 .\CortexM3\ARM_GCC_541\Debug\Timing_Analysis.a(Pin_LEDRED.o)
 .debug_frame   0x00001054       0x50 .\CortexM3\ARM_GCC_541\Debug\Timing_Analysis.a(Pin_LEDGREEN.o)
 .debug_frame   0x000010a4       0x50 .\CortexM3\ARM_GCC_541\Debug\Timing_Analysis.a(Pin_LEDYELLOW.o)
 .debug_frame   0x000010f4      0x194 .\CortexM3\ARM_GCC_541\Debug\Timing_Analysis.a(CyFlash.o)
 .debug_frame   0x00001288      0x180 .\CortexM3\ARM_GCC_541\Debug\Timing_Analysis.a(CySpc.o)
 .debug_frame   0x00001408       0x20 c:/program files (x86)/cypress/psoc creator/4.4/psoc creator/import/gnu/arm/5.4.1/bin/../lib/gcc/arm-none-eabi/5.4.1/../../../../arm-none-eabi/lib/armv7-m\libg.a(lib_a-errno.o)
 .debug_frame   0x00001428       0x28 c:/program files (x86)/cypress/psoc creator/4.4/psoc creator/import/gnu/arm/5.4.1/bin/../lib/gcc/arm-none-eabi/5.4.1/../../../../arm-none-eabi/lib/armv7-m\libg.a(lib_a-exit.o)
 .debug_frame   0x00001450       0x2c c:/program files (x86)/cypress/psoc creator/4.4/psoc creator/import/gnu/arm/5.4.1/bin/../lib/gcc/arm-none-eabi/5.4.1/../../../../arm-none-eabi/lib/armv7-m\libg.a(lib_a-init.o)
 .debug_frame   0x0000147c       0x34 c:/program files (x86)/cypress/psoc creator/4.4/psoc creator/import/gnu/arm/5.4.1/bin/../lib/gcc/arm-none-eabi/5.4.1/../../../../arm-none-eabi/lib/armv7-m\libg.a(lib_a-memset.o)
 .debug_frame   0x000014b0       0x34 c:/program files (x86)/cypress/psoc creator/4.4/psoc creator/import/gnu/arm/5.4.1/bin/../lib/gcc/arm-none-eabi/5.4.1/../../../../arm-none-eabi/lib/armv7-m\libg.a(lib_a-strncpy.o)
 .debug_frame   0x000014e4       0x4c c:/program files (x86)/cypress/psoc creator/4.4/psoc creator/import/gnu/arm/5.4.1/bin/../lib/gcc/arm-none-eabi/5.4.1/../../../../arm-none-eabi/lib/armv7-m\libg.a(lib_a-utoa.o)
 .debug_frame   0x00001530       0x50 c:/program files (x86)/cypress/psoc creator/4.4/psoc creator/import/gnu/arm/5.4.1/bin/../lib/gcc/arm-none-eabi/5.4.1/../../../../arm-none-eabi/lib/armv7-m\libg.a(lib_a-__call_atexit.o)
 .debug_frame   0x00001580       0x20 c:/program files (x86)/cypress/psoc creator/4.4/psoc creator/import/gnu/arm/5.4.1/bin/../lib/gcc/arm-none-eabi/5.4.1/../../../../arm-none-eabi/lib/armv7-m\libg.a(lib_a-atexit.o)
 .debug_frame   0x000015a0       0x34 c:/program files (x86)/cypress/psoc creator/4.4/psoc creator/import/gnu/arm/5.4.1/bin/../lib/gcc/arm-none-eabi/5.4.1/../../../../arm-none-eabi/lib/armv7-m\libg.a(lib_a-fini.o)
 .debug_frame   0x000015d4       0x34 c:/program files (x86)/cypress/psoc creator/4.4/psoc creator/import/gnu/arm/5.4.1/bin/../lib/gcc/arm-none-eabi/5.4.1/../../../../arm-none-eabi/lib/armv7-m\libg.a(lib_a-__atexit.o)

.debug_str      0x00000000     0x1cb6
 *(.debug_str)
 .debug_str     0x00000000      0x332 .\CortexM3\ARM_GCC_541\Debug\main.o
                                0x3a0 (size before relaxing)
 .debug_str     0x00000332      0x269 .\CortexM3\ARM_GCC_541\Debug\Analyzer.o
                                0x5aa (size before relaxing)
 .debug_str     0x0000059b      0x1b6 .\CortexM3\ARM_GCC_541\Debug\cyfitter_cfg.o
                                0x347 (size before relaxing)
 .debug_str     0x00000751       0x75 .\CortexM3\ARM_GCC_541\Debug\cymetadata.o
                                0x1e7 (size before relaxing)
 .debug_str     0x000007c6      0x13f .\CortexM3\ARM_GCC_541\Debug\Cm3Start.o
                                0x30d (size before relaxing)
 .debug_str     0x00000905      0x7f8 .\CortexM3\ARM_GCC_541\Debug\Timing_Analysis.a(CyLib.o)
                                0xa4a (size before relaxing)
 .debug_str     0x000010fd      0x365 .\CortexM3\ARM_GCC_541\Debug\Timing_Analysis.a(cyPm.o)
                                0x736 (size before relaxing)
 .debug_str     0x00001462      0x301 .\CortexM3\ARM_GCC_541\Debug\Timing_Analysis.a(UART_LOG.o)
                                0x4f4 (size before relaxing)
 .debug_str     0x00001763      0x1ab .\CortexM3\ARM_GCC_541\Debug\Timing_Analysis.a(UART_LOG_IntClock.o)
                                0x369 (size before relaxing)
 .debug_str     0x0000190e       0x6e .\CortexM3\ARM_GCC_541\Debug\Timing_Analysis.a(Pin_LEDRED.o)
                                0x1fe (size before relaxing)
 .debug_str     0x0000197c       0x6b .\CortexM3\ARM_GCC_541\Debug\Timing_Analysis.a(Pin_LEDGREEN.o)
                                0x208 (size before relaxing)
 .debug_str     0x000019e7       0x6f .\CortexM3\ARM_GCC_541\Debug\Timing_Analysis.a(Pin_LEDYELLOW.o)
                                0x20d (size before relaxing)
 .debug_str     0x00001a56      0x1b4 .\CortexM3\ARM_GCC_541\Debug\Timing_Analysis.a(CyFlash.o)
                                0x3c3 (size before relaxing)
 .debug_str     0x00001c0a       0xac .\CortexM3\ARM_GCC_541\Debug\Timing_Analysis.a(CySpc.o)
                                0x33b (size before relaxing)

.debug_loc      0x00000000     0x20ca
 *(.debug_loc)
 .debug_loc     0x00000000       0x1f .\CortexM3\ARM_GCC_541\Debug\main.o
 .debug_loc     0x0000001f      0x21c .\CortexM3\ARM_GCC_541\Debug\Analyzer.o
 .debug_loc     0x0000023b      0x259 .\CortexM3\ARM_GCC_541\Debug\cyfitter_cfg.o
 .debug_loc     0x00000494      0x144 .\CortexM3\ARM_GCC_541\Debug\Cm3Start.o
 .debug_loc     0x000005d8      0xa11 .\CortexM3\ARM_GCC_541\Debug\Timing_Analysis.a(CyLib.o)
 .debug_loc     0x00000fe9      0x1e4 .\CortexM3\ARM_GCC_541\Debug\Timing_Analysis.a(cyPm.o)
 .debug_loc     0x000011cd      0x258 .\CortexM3\ARM_GCC_541\Debug\Timing_Analysis.a(UART_LOG.o)
 .debug_loc     0x00001425      0x128 .\CortexM3\ARM_GCC_541\Debug\Timing_Analysis.a(UART_LOG_IntClock.o)
 .debug_loc     0x0000154d       0x42 .\CortexM3\ARM_GCC_541\Debug\Timing_Analysis.a(Pin_LEDRED.o)
 .debug_loc     0x0000158f       0x42 .\CortexM3\ARM_GCC_541\Debug\Timing_Analysis.a(Pin_LEDGREEN.o)
 .debug_loc     0x000015d1       0x42 .\CortexM3\ARM_GCC_541\Debug\Timing_Analysis.a(Pin_LEDYELLOW.o)
 .debug_loc     0x00001613      0x3b2 .\CortexM3\ARM_GCC_541\Debug\Timing_Analysis.a(CyFlash.o)
 .debug_loc     0x000019c5      0x705 .\CortexM3\ARM_GCC_541\Debug\Timing_Analysis.a(CySpc.o)

.debug_macinfo
 *(.debug_macinfo)

.debug_ranges   0x00000000      0x6c8
 *(.debug_ranges)
 .debug_ranges  0x00000000       0x10 .\CortexM3\ARM_GCC_541\Debug\main.o
 .debug_ranges  0x00000010       0x80 .\CortexM3\ARM_GCC_541\Debug\Analyzer.o
 .debug_ranges  0x00000090       0x48 .\CortexM3\ARM_GCC_541\Debug\cyfitter_cfg.o
 .debug_ranges  0x000000d8       0x38 .\CortexM3\ARM_GCC_541\Debug\Cm3Start.o
 .debug_ranges  0x00000110      0x290 .\CortexM3\ARM_GCC_541\Debug\Timing_Analysis.a(CyLib.o)
 .debug_ranges  0x000003a0       0x88 .\CortexM3\ARM_GCC_541\Debug\Timing_Analysis.a(cyPm.o)
 .debug_ranges  0x00000428       0xe0 .\CortexM3\ARM_GCC_541\Debug\Timing_Analysis.a(UART_LOG.o)
 .debug_ranges  0x00000508       0x60 .\CortexM3\ARM_GCC_541\Debug\Timing_Analysis.a(UART_LOG_IntClock.o)
 .debug_ranges  0x00000568       0x28 .\CortexM3\ARM_GCC_541\Debug\Timing_Analysis.a(Pin_LEDRED.o)
 .debug_ranges  0x00000590       0x28 .\CortexM3\ARM_GCC_541\Debug\Timing_Analysis.a(Pin_LEDGREEN.o)
 .debug_ranges  0x000005b8       0x28 .\CortexM3\ARM_GCC_541\Debug\Timing_Analysis.a(Pin_LEDYELLOW.o)
 .debug_ranges  0x000005e0       0x78 .\CortexM3\ARM_GCC_541\Debug\Timing_Analysis.a(CyFlash.o)
 .debug_ranges  0x00000658       0x70 .\CortexM3\ARM_GCC_541\Debug\Timing_Analysis.a(CySpc.o)

.comment        0x00000000       0x6e
 .comment       0x00000000       0x6e .\CortexM3\ARM_GCC_541\Debug\main.o
                                 0x6f (size before relaxing)
 .comment       0x0000006e       0x6f .\CortexM3\ARM_GCC_541\Debug\Analyzer.o
 .comment       0x0000006e       0x6f .\CortexM3\ARM_GCC_541\Debug\cyfitter_cfg.o
 .comment       0x0000006e       0x6f .\CortexM3\ARM_GCC_541\Debug\cymetadata.o
 .comment       0x0000006e       0x6f .\CortexM3\ARM_GCC_541\Debug\Cm3Start.o
 .comment       0x0000006e       0x6f .\CortexM3\ARM_GCC_541\Debug\Timing_Analysis.a(CyLib.o)
 .comment       0x0000006e       0x6f .\CortexM3\ARM_GCC_541\Debug\Timing_Analysis.a(cyPm.o)
 .comment       0x0000006e       0x6f .\CortexM3\ARM_GCC_541\Debug\Timing_Analysis.a(UART_LOG.o)
 .comment       0x0000006e       0x6f .\CortexM3\ARM_GCC_541\Debug\Timing_Analysis.a(UART_LOG_IntClock.o)
 .comment       0x0000006e       0x6f .\CortexM3\ARM_GCC_541\Debug\Timing_Analysis.a(Pin_LEDRED.o)
 .comment       0x0000006e       0x6f .\CortexM3\ARM_GCC_541\Debug\Timing_Analysis.a(Pin_LEDGREEN.o)
 .comment       0x0000006e       0x6f .\CortexM3\ARM_GCC_541\Debug\Timing_Analysis.a(Pin_LEDYELLOW.o)
 .comment       0x0000006e       0x6f .\CortexM3\ARM_GCC_541\Debug\Timing_Analysis.a(CyFlash.o)
 .comment       0x0000006e       0x6f .\CortexM3\ARM_GCC_541\Debug\Timing_Analysis.a(CySpc.o)

.debug_weaknames
 *(.debug_weaknames)

.debug_funcnames
 *(.debug_funcnames)

.debug_typenames
 *(.debug_typenames)

.debug_varnames
 *(.debug_varnames)

.note.gnu.arm.ident
 *(.note.gnu.arm.ident)

.ARM.attributes
                0x00000000       0x29
 *(.ARM.attributes)
 .ARM.attributes
                0x00000000       0x1d c:/program files (x86)/cypress/psoc creator/4.4/psoc creator/import/gnu/arm/5.4.1/bin/../lib/gcc/arm-none-eabi/5.4.1/armv7-m/crti.o
 .ARM.attributes
                0x0000001d       0x2d c:/program files (x86)/cypress/psoc creator/4.4/psoc creator/import/gnu/arm/5.4.1/bin/../lib/gcc/arm-none-eabi/5.4.1/armv7-m/crtbegin.o
 .ARM.attributes
                0x0000004a       0x1b c:/program files (x86)/cypress/psoc creator/4.4/psoc creator/import/gnu/arm/5.4.1/bin/../lib/gcc/arm-none-eabi/5.4.1/../../../../arm-none-eabi/lib/armv7-m/crt0.o
 .ARM.attributes
                0x00000065       0x33 .\CortexM3\ARM_GCC_541\Debug\main.o
 .ARM.attributes
                0x00000098       0x33 .\CortexM3\ARM_GCC_541\Debug\Analyzer.o
 .ARM.attributes
                0x000000cb       0x33 .\CortexM3\ARM_GCC_541\Debug\cyfitter_cfg.o
 .ARM.attributes
                0x000000fe       0x33 .\CortexM3\ARM_GCC_541\Debug\cymetadata.o
 .ARM.attributes
                0x00000131       0x33 .\CortexM3\ARM_GCC_541\Debug\Cm3Start.o
 .ARM.attributes
                0x00000164       0x33 .\CortexM3\ARM_GCC_541\Debug\Timing_Analysis.a(CyLib.o)
 .ARM.attributes
                0x00000197       0x33 .\CortexM3\ARM_GCC_541\Debug\Timing_Analysis.a(cyPm.o)
 .ARM.attributes
                0x000001ca       0x33 .\CortexM3\ARM_GCC_541\Debug\Timing_Analysis.a(UART_LOG.o)
 .ARM.attributes
                0x000001fd       0x33 .\CortexM3\ARM_GCC_541\Debug\Timing_Analysis.a(UART_LOG_IntClock.o)
 .ARM.attributes
                0x00000230       0x33 .\CortexM3\ARM_GCC_541\Debug\Timing_Analysis.a(Pin_LEDRED.o)
 .ARM.attributes
                0x00000263       0x33 .\CortexM3\ARM_GCC_541\Debug\Timing_Analysis.a(Pin_LEDGREEN.o)
 .ARM.attributes
                0x00000296       0x33 .\CortexM3\ARM_GCC_541\Debug\Timing_Analysis.a(Pin_LEDYELLOW.o)
 .ARM.attributes
                0x000002c9       0x21 .\CortexM3\ARM_GCC_541\Debug\Timing_Analysis.a(CyBootAsmGnu.o)
 .ARM.attributes
                0x000002ea       0x33 .\CortexM3\ARM_GCC_541\Debug\Timing_Analysis.a(CyFlash.o)
 .ARM.attributes
                0x0000031d       0x33 .\CortexM3\ARM_GCC_541\Debug\Timing_Analysis.a(CySpc.o)
 .ARM.attributes
                0x00000350       0x2d c:/program files (x86)/cypress/psoc creator/4.4/psoc creator/import/gnu/arm/5.4.1/bin/../lib/gcc/arm-none-eabi/5.4.1/../../../../arm-none-eabi/lib/armv7-m\libg.a(lib_a-errno.o)
 .ARM.attributes
                0x0000037d       0x2d c:/program files (x86)/cypress/psoc creator/4.4/psoc creator/import/gnu/arm/5.4.1/bin/../lib/gcc/arm-none-eabi/5.4.1/../../../../arm-none-eabi/lib/armv7-m\libg.a(lib_a-exit.o)
 .ARM.attributes
                0x000003aa       0x2d c:/program files (x86)/cypress/psoc creator/4.4/psoc creator/import/gnu/arm/5.4.1/bin/../lib/gcc/arm-none-eabi/5.4.1/../../../../arm-none-eabi/lib/armv7-m\libg.a(lib_a-impure.o)
 .ARM.attributes
                0x000003d7       0x2d c:/program files (x86)/cypress/psoc creator/4.4/psoc creator/import/gnu/arm/5.4.1/bin/../lib/gcc/arm-none-eabi/5.4.1/../../../../arm-none-eabi/lib/armv7-m\libg.a(lib_a-init.o)
 .ARM.attributes
                0x00000404       0x1b c:/program files (x86)/cypress/psoc creator/4.4/psoc creator/import/gnu/arm/5.4.1/bin/../lib/gcc/arm-none-eabi/5.4.1/../../../../arm-none-eabi/lib/armv7-m\libg.a(lib_a-memcpy.o)
 .ARM.attributes
                0x0000041f       0x2d c:/program files (x86)/cypress/psoc creator/4.4/psoc creator/import/gnu/arm/5.4.1/bin/../lib/gcc/arm-none-eabi/5.4.1/../../../../arm-none-eabi/lib/armv7-m\libg.a(lib_a-memset.o)
 .ARM.attributes
                0x0000044c       0x2d c:/program files (x86)/cypress/psoc creator/4.4/psoc creator/import/gnu/arm/5.4.1/bin/../lib/gcc/arm-none-eabi/5.4.1/../../../../arm-none-eabi/lib/armv7-m\libg.a(lib_a-strncpy.o)
 .ARM.attributes
                0x00000479       0x2d c:/program files (x86)/cypress/psoc creator/4.4/psoc creator/import/gnu/arm/5.4.1/bin/../lib/gcc/arm-none-eabi/5.4.1/../../../../arm-none-eabi/lib/armv7-m\libg.a(lib_a-utoa.o)
 .ARM.attributes
                0x000004a6       0x2d c:/program files (x86)/cypress/psoc creator/4.4/psoc creator/import/gnu/arm/5.4.1/bin/../lib/gcc/arm-none-eabi/5.4.1/../../../../arm-none-eabi/lib/armv7-m\libg.a(lib_a-__call_atexit.o)
 .ARM.attributes
                0x000004d3       0x2d c:/program files (x86)/cypress/psoc creator/4.4/psoc creator/import/gnu/arm/5.4.1/bin/../lib/gcc/arm-none-eabi/5.4.1/../../../../arm-none-eabi/lib/armv7-m\libg.a(lib_a-atexit.o)
 .ARM.attributes
                0x00000500       0x2d c:/program files (x86)/cypress/psoc creator/4.4/psoc creator/import/gnu/arm/5.4.1/bin/../lib/gcc/arm-none-eabi/5.4.1/../../../../arm-none-eabi/lib/armv7-m\libg.a(lib_a-fini.o)
 .ARM.attributes
                0x0000052d       0x2d c:/program files (x86)/cypress/psoc creator/4.4/psoc creator/import/gnu/arm/5.4.1/bin/../lib/gcc/arm-none-eabi/5.4.1/../../../../arm-none-eabi/lib/armv7-m\libg.a(lib_a-__atexit.o)
 .ARM.attributes
                0x0000055a       0x2d c:/program files (x86)/cypress/psoc creator/4.4/psoc creator/import/gnu/arm/5.4.1/bin/../lib/gcc/arm-none-eabi/5.4.1/armv7-m/crtend.o
 .ARM.attributes
                0x00000587       0x1d c:/program files (x86)/cypress/psoc creator/4.4/psoc creator/import/gnu/arm/5.4.1/bin/../lib/gcc/arm-none-eabi/5.4.1/armv7-m/crtn.o

/DISCARD/
 *(.note.GNU-stack)
OUTPUT(C:\Users\divya\Documents\PSoC Creator\AMA_LAB1\Timing_Analysis.cydsn\CortexM3\ARM_GCC_541\Debug\Timing_Analysis.elf elf32-littlearm)
